
===========================================================================
 report_power
============================================================================
======================= Fastest Corner ===================================

Group                  Internal  Switching    Leakage      Total
                          Power      Power      Power      Power (Watts)
----------------------------------------------------------------
Sequential             4.46e-03   5.53e-03   1.06e-06   9.99e-03   2.6%
Combinational          1.22e-01   2.48e-01   2.47e-07   3.70e-01  96.2%
Clock                  2.49e-03   2.16e-03   8.40e-08   4.65e-03   1.2%
Macro                  0.00e+00   0.00e+00   0.00e+00   0.00e+00   0.0%
Pad                    0.00e+00   0.00e+00   0.00e+00   0.00e+00   0.0%
----------------------------------------------------------------
Total                  1.29e-01   2.56e-01   1.39e-06   3.85e-01 100.0%
                          33.6%      66.4%       0.0%

======================= Slowest Corner ===================================

Group                  Internal  Switching    Leakage      Total
                          Power      Power      Power      Power (Watts)
----------------------------------------------------------------
Sequential             3.05e-03   3.69e-03   9.20e-06   6.75e-03   2.6%
Combinational          8.16e-02   1.66e-01   1.31e-04   2.48e-01  96.1%
Clock                  1.76e-03   1.42e-03   2.75e-06   3.19e-03   1.2%
Macro                  0.00e+00   0.00e+00   0.00e+00   0.00e+00   0.0%
Pad                    0.00e+00   0.00e+00   0.00e+00   0.00e+00   0.0%
----------------------------------------------------------------
Total                  8.64e-02   1.71e-01   1.43e-04   2.58e-01 100.0%
                          33.5%      66.4%       0.1%

======================= Typical Corner ===================================

Group                  Internal  Switching    Leakage      Total
                          Power      Power      Power      Power (Watts)
----------------------------------------------------------------
Sequential             3.88e-03   4.69e-03   1.06e-06   8.57e-03   2.6%
Combinational          1.08e-01   2.11e-01   1.00e-07   3.19e-01  96.2%
Clock                  2.16e-03   1.82e-03   7.77e-08   3.99e-03   1.2%
Macro                  0.00e+00   0.00e+00   0.00e+00   0.00e+00   0.0%
Pad                    0.00e+00   0.00e+00   0.00e+00   0.00e+00   0.0%
----------------------------------------------------------------
Total                  1.14e-01   2.17e-01   1.24e-06   3.32e-01 100.0%
                          34.5%      65.5%       0.0%

