Partial/Required:  8.10, Required:    400.0, Partial:  3240.76, Net: _22891_, Pin: _35497_/A1, Layer: met3
Partial/Required:  5.82, Required:    400.0, Partial:  2329.52, Net: net443, Pin: _35856_/A1, Layer: met3
Partial/Required:  5.60, Required:    400.0, Partial:  2241.78, Net: m0.B12\[4\], Pin: _32568_/B, Layer: met2
Partial/Required:  5.48, Required:    400.0, Partial:  2190.16, Net: _24125_, Pin: _48422_/A1, Layer: met3
Partial/Required:  5.47, Required:    400.0, Partial:  2187.24, Net: _05197_, Pin: _48934_/C, Layer: met3
Partial/Required:  5.47, Required:    400.0, Partial:  2187.24, Net: _05197_, Pin: _48709_/B, Layer: met3
Partial/Required:  5.14, Required:    400.0, Partial:  2054.86, Net: _24322_, Pin: _34791_/A, Layer: met3
Partial/Required:  5.07, Required:    400.0, Partial:  2028.57, Net: _18377_, Pin: _35471_/A0, Layer: met3
Partial/Required:  4.36, Required:    400.0, Partial:  1742.39, Net: net371, Pin: _35563_/A0, Layer: met3
Partial/Required:  4.06, Required:    400.0, Partial:  1624.51, Net: _00866_, Pin: _35634_/A1, Layer: met3
Partial/Required:  3.80, Required:    400.0, Partial:   1521.0, Net: _25452_, Pin: _44141_/A_N, Layer: met1
Partial/Required:  3.62, Required:    400.0, Partial:  1448.51, Net: _18360_, Pin: _35450_/A0, Layer: met3
Partial/Required:  3.49, Required:    400.0, Partial:  1395.11, Net: _21301_, Pin: _35868_/A1, Layer: met1
Partial/Required:  3.31, Required:    400.0, Partial:  1324.33, Net: _21149_, Pin: _39356_/B, Layer: met1
Partial/Required:  3.17, Required:    400.0, Partial:  1268.62, Net: _25159_, Pin: _48629_/A2, Layer: met3
Partial/Required:  3.11, Required:    400.0, Partial:  1243.56, Net: _21615_, Pin: _32248_/C, Layer: met3
Partial/Required:  3.03, Required:    400.0, Partial:  1213.89, Net: _22198_, Pin: _26128_/B, Layer: met2
Partial/Required:  2.99, Required:    400.0, Partial:   1197.5, Net: _25222_, Pin: _35648_/A1, Layer: met2
Partial/Required:  2.97, Required:    400.0, Partial:  1187.32, Net: net488, Pin: _35576_/A1, Layer: met3
Partial/Required:  2.90, Required:    400.0, Partial:  1161.41, Net: _23870_, Pin: _42233_/A2, Layer: met3
Partial/Required:  2.90, Required:    400.0, Partial:  1161.41, Net: _23870_, Pin: _42109_/C, Layer: met3
Partial/Required:  2.71, Required:    400.0, Partial:   1086.0, Net: _13345_, Pin: _43392_/A1, Layer: met3
Partial/Required:  2.70, Required:    400.0, Partial:  1078.98, Net: _17577_, Pin: _34425_/B, Layer: met3
Partial/Required:  2.51, Required:    400.0, Partial:  1005.44, Net: _11916_, Pin: _29336_/A, Layer: met2
Partial/Required:  2.50, Required:    400.0, Partial:   999.49, Net: _18391_, Pin: _35488_/A0, Layer: met3
Partial/Required:  2.45, Required:    400.0, Partial:   978.94, Net: _21203_, Pin: _45218_/A1, Layer: met3
Partial/Required:  2.41, Required:   2778.2, Partial:  6702.48, Net: net363, Pin: _35544_/A0, Layer: met5
Partial/Required:  2.37, Required:    400.0, Partial:   948.05, Net: _12878_, Pin: _30117_/A2, Layer: met3
Partial/Required:  2.37, Required:    400.0, Partial:   948.05, Net: _12878_, Pin: _30111_/C, Layer: met3
Partial/Required:  2.29, Required:    400.0, Partial:   916.22, Net: _00678_, Pin: _52388_/D, Layer: met1
Partial/Required:  2.25, Required:    400.0, Partial:   898.78, Net: _15854_, Pin: _39423_/A, Layer: met1
Partial/Required:  2.23, Required:    400.0, Partial:   893.22, Net: _07498_, Pin: _51742_/A_N, Layer: met1
Partial/Required:  2.21, Required:    400.0, Partial:   882.22, Net: _19747_, Pin: _37961_/D, Layer: met1
Partial/Required:  2.20, Required:    400.0, Partial:   880.89, Net: _24195_, Pin: _34490_/A, Layer: met3
Partial/Required:  2.19, Required:    400.0, Partial:   875.89, Net: _20000_, Pin: _51351_/A, Layer: met2
Partial/Required:  2.16, Required:    400.0, Partial:   865.67, Net: _24322_, Pin: _34791_/A, Layer: met2
Partial/Required:  2.16, Required:    400.0, Partial:   863.22, Net: _10094_, Pin: _36181_/D, Layer: met2
Partial/Required:  2.16, Required:    400.0, Partial:   862.97, Net: _21731_, Pin: _33344_/A, Layer: met3
Partial/Required:  2.15, Required:    400.0, Partial:    859.8, Net: _21521_, Pin: _26295_/A1, Layer: met2
Partial/Required:  2.13, Required:    400.0, Partial:    853.2, Net: _23248_, Pin: _28274_/A1, Layer: met3
Partial/Required:  2.13, Required:    400.0, Partial:    853.2, Net: _23248_, Pin: _33666_/B, Layer: met3
Partial/Required:  2.12, Required:    400.0, Partial:   847.34, Net: _20299_, Pin: _31048_/A, Layer: met3
Partial/Required:  2.12, Required:    400.0, Partial:   847.34, Net: _20299_, Pin: _31713_/B2, Layer: met3
Partial/Required:  2.08, Required:    400.0, Partial:   832.99, Net: _22931_, Pin: _26513_/A, Layer: met2
Partial/Required:  2.07, Required:    400.0, Partial:   827.28, Net: _22895_, Pin: _35503_/A1, Layer: met2
Partial/Required:  2.07, Required:    400.0, Partial:   827.24, Net: _03638_, Pin: _47160_/A, Layer: met3
Partial/Required:  2.07, Required:    400.0, Partial:   827.24, Net: _03638_, Pin: _47159_/A1, Layer: met3
Partial/Required:  2.07, Required:    400.0, Partial:   826.41, Net: _07616_, Pin: _51169_/A1, Layer: met3
Partial/Required:  2.02, Required:    400.0, Partial:   809.33, Net: _18511_, Pin: _35642_/A0, Layer: met1
Partial/Required:  1.96, Required:    400.0, Partial:   783.89, Net: _15438_, Pin: _32475_/B, Layer: met3
Partial/Required:  1.96, Required:    400.0, Partial:   783.89, Net: _15438_, Pin: _32476_/A2, Layer: met3
Partial/Required:  1.93, Required:    400.0, Partial:   773.33, Net: _10507_, Pin: _27968_/B, Layer: met1
Partial/Required:  1.86, Required:    400.0, Partial:   745.03, Net: _23800_, Pin: _28409_/A, Layer: met1
Partial/Required:  1.86, Required:  3130.28, Partial:  5821.46, Net: _18650_, Pin: _35816_/A0, Layer: met3
Partial/Required:  1.86, Required:    400.0, Partial:   742.78, Net: _05458_, Pin: _26540_/D, Layer: met1
Partial/Required:  1.83, Required:    400.0, Partial:   733.78, Net: _10248_, Pin: _49294_/A, Layer: met2
Partial/Required:  1.83, Required:    400.0, Partial:   733.17, Net: _00600_, Pin: _52310_/D, Layer: met2
Partial/Required:  1.82, Required:    400.0, Partial:   729.56, Net: _03206_, Pin: _46707_/A_N, Layer: met1
Partial/Required:  1.82, Required:  2773.88, Partial:  5051.43, Net: _21197_, Pin: _35960_/A1, Layer: met3
Partial/Required:  1.82, Required:    400.0, Partial:   726.47, Net: _20029_, Pin: _51185_/A, Layer: met2
Partial/Required:  1.80, Required:    400.0, Partial:   720.78, Net: _16072_, Pin: _33045_/A_N, Layer: met1
Partial/Required:  1.80, Required:    400.0, Partial:   720.23, Net: _21148_, Pin: _39355_/B1, Layer: met3
Partial/Required:  1.78, Required:    400.0, Partial:   712.05, Net: _15799_, Pin: _50500_/A, Layer: met2
Partial/Required:  1.76, Required:    400.0, Partial:   705.94, Net: _08102_, Pin: _51857_/A, Layer: met1
Partial/Required:  1.74, Required:    400.0, Partial:   697.56, Net: _19810_, Pin: _50840_/B, Layer: met2
Partial/Required:  1.73, Required:    400.0, Partial:   691.17, Net: _10270_, Pin: _43628_/B, Layer: met3
Partial/Required:  1.73, Required:    400.0, Partial:   690.33, Net: _23113_, Pin: _27574_/A1_N, Layer: met2
Partial/Required:  1.70, Required:    400.0, Partial:   681.14, Net: _23237_, Pin: _27759_/A, Layer: met3
Partial/Required:  1.70, Required:    400.0, Partial:   679.94, Net: _20323_, Pin: _31728_/A, Layer: met2
Partial/Required:  1.69, Required:    400.0, Partial:   676.14, Net: _21388_, Pin: _32057_/B2, Layer: met3
Partial/Required:  1.69, Required:    400.0, Partial:   674.43, Net: _21351_, Pin: _42918_/A2, Layer: met2
Partial/Required:  1.67, Required:    400.0, Partial:   669.78, Net: _20614_, Pin: _44795_/B, Layer: met1
Partial/Required:  1.67, Required:    400.0, Partial:   669.11, Net: _21610_, Pin: _32205_/A, Layer: met1
Partial/Required:  1.67, Required:    400.0, Partial:   668.49, Net: _23476_, Pin: _27856_/A1, Layer: met2
Partial/Required:  1.66, Required:    400.0, Partial:   663.11, Net: _12740_, Pin: _37283_/A, Layer: met1
Partial/Required:  1.65, Required:    400.0, Partial:   660.22, Net: _23037_, Pin: _28225_/B, Layer: met1
Partial/Required:  1.65, Required:    400.0, Partial:    658.0, Net: _17010_, Pin: _34605_/B, Layer: met1
Partial/Required:  1.64, Required:  2947.76, Partial:  4826.16, Net: _19480_, Pin: _35892_/A1, Layer: met3
Partial/Required:  1.63, Required:    400.0, Partial:   652.28, Net: _05729_, Pin: _49258_/A2_N, Layer: met2
Partial/Required:  1.63, Required:    400.0, Partial:   652.28, Net: _05729_, Pin: _49257_/D, Layer: met2
Partial/Required:  1.60, Required:    400.0, Partial:   639.03, Net: _23292_, Pin: _28198_/B2, Layer: met3
Partial/Required:  1.60, Required:    400.0, Partial:   638.72, Net: _10248_, Pin: _43628_/A, Layer: met2
Partial/Required:  1.60, Required:    400.0, Partial:   638.72, Net: _10248_, Pin: _36896_/C, Layer: met2
Partial/Required:  1.60, Required:    400.0, Partial:   638.33, Net: _24690_, Pin: _46253_/D, Layer: met1
Partial/Required:  1.59, Required:    400.0, Partial:   636.59, Net: _00866_, Pin: _47250_/A2, Layer: met2
Partial/Required:  1.59, Required:    400.0, Partial:   636.12, Net: m0.B12\[14\], Pin: _33130_/A, Layer: met3
Partial/Required:  1.56, Required:    400.0, Partial:   624.89, Net: _21608_, Pin: _32496_/B, Layer: met2
Partial/Required:  1.56, Required:    400.0, Partial:   622.44, Net: _13279_, Pin: _36661_/A2_N, Layer: met1
Partial/Required:  1.55, Required:    400.0, Partial:    620.7, Net: net363, Pin: _35544_/A0, Layer: met4
Partial/Required:  1.54, Required:    400.0, Partial:   616.06, Net: _09087_, Pin: _28982_/A, Layer: met2
Partial/Required:  1.54, Required:    400.0, Partial:    616.0, Net: _22140_, Pin: _26990_/A, Layer: met3
Partial/Required:  1.53, Required:    400.0, Partial:   612.23, Net: _05669_, Pin: _49198_/B, Layer: met3
Partial/Required:  1.53, Required:    400.0, Partial:   612.23, Net: _05669_, Pin: _49197_/B, Layer: met3
Partial/Required:  1.53, Required:    400.0, Partial:   610.72, Net: _18501_, Pin: _35628_/A0, Layer: met2
Partial/Required:  1.52, Required:    400.0, Partial:   609.65, Net: _19990_, Pin: _39036_/B1, Layer: met3
Partial/Required:  1.52, Required:    400.0, Partial:   609.65, Net: _19990_, Pin: _38954_/B, Layer: met3
Partial/Required:  1.51, Required:    400.0, Partial:   603.09, Net: _23953_, Pin: _42192_/B, Layer: met3
Partial/Required:  1.51, Required:    400.0, Partial:   603.09, Net: m0.A21\[1\], Pin: _48945_/A, Layer: met3
Partial/Required:  1.50, Required:    400.0, Partial:   601.22, Net: _04864_, Pin: _48376_/B, Layer: met1
Partial/Required:  1.50, Required:    400.0, Partial:   598.33, Net: _23721_, Pin: _42045_/B, Layer: met1
Partial/Required:  1.49, Required:    400.0, Partial:   596.69, Net: _11070_, Pin: _28452_/C, Layer: met3
Partial/Required:  1.49, Required:    400.0, Partial:   596.69, Net: _11070_, Pin: _28470_/A2, Layer: met3
Partial/Required:  1.49, Required:    400.0, Partial:   594.89, Net: _21604_, Pin: _46217_/A, Layer: met1
Partial/Required:  1.49, Required:    400.0, Partial:   594.33, Net: _11873_, Pin: _32304_/D, Layer: met2
Partial/Required:  1.47, Required:    400.0, Partial:   588.57, Net: _09434_, Pin: _26950_/C, Layer: met1
Partial/Required:  1.47, Required:    400.0, Partial:   588.22, Net: _24731_, Pin: _43825_/D, Layer: met1
Partial/Required:  1.47, Required:    400.0, Partial:   586.19, Net: _04800_, Pin: _48348_/A2, Layer: met1
Partial/Required:  1.46, Required:    400.0, Partial:   585.44, Net: _23629_, Pin: _28834_/A, Layer: met2
Partial/Required:  1.45, Required:    400.0, Partial:   580.67, Net: _25030_, Pin: _43555_/A, Layer: met1
Partial/Required:  1.45, Required:    400.0, Partial:   579.78, Net: _11630_, Pin: _32568_/D, Layer: met1
Partial/Required:  1.44, Required:    400.0, Partial:   576.99, Net: _13789_, Pin: _30954_/B, Layer: met3
Partial/Required:  1.44, Required:    400.0, Partial:   576.99, Net: _13789_, Pin: _30953_/B, Layer: met3
Partial/Required:  1.44, Required:    400.0, Partial:   576.58, Net: _19274_, Pin: _37465_/A2, Layer: met3
Partial/Required:  1.43, Required:    400.0, Partial:   573.78, Net: _25850_, Pin: _44105_/C, Layer: met1
Partial/Required:  1.43, Required:    400.0, Partial:   572.77, Net: net434, Pin: _35522_/A1, Layer: met2
Partial/Required:  1.43, Required:    400.0, Partial:   570.86, Net: _21506_, Pin: _40835_/B, Layer: met2
Partial/Required:  1.42, Required:    400.0, Partial:   568.51, Net: m1.B22\[7\], Pin: _49696_/C, Layer: met3
Partial/Required:  1.42, Required:    400.0, Partial:   568.51, Net: m1.B22\[7\], Pin: _49742_/A1_N, Layer: met3
Partial/Required:  1.42, Required:    400.0, Partial:   568.51, Net: m1.B22\[7\], Pin: _29681_/C, Layer: met3
Partial/Required:  1.42, Required:    400.0, Partial:   567.67, Net: _19710_, Pin: _44578_/B, Layer: met2
Partial/Required:  1.41, Required:    400.0, Partial:   562.22, Net: _23243_, Pin: _27650_/A, Layer: met2
Partial/Required:  1.39, Required:    400.0, Partial:   556.56, Net: _10270_, Pin: _29063_/B, Layer: met1
Partial/Required:  1.39, Required:    400.0, Partial:   554.44, Net: _23063_, Pin: _28231_/A, Layer: met1
Partial/Required:  1.37, Required:    400.0, Partial:   546.48, Net: _19764_, Pin: _30718_/B, Layer: met3
Partial/Required:  1.37, Required:    400.0, Partial:   546.48, Net: _19764_, Pin: _30625_/B, Layer: met3
Partial/Required:  1.37, Required:    400.0, Partial:   546.31, Net: net444, Pin: _35859_/A1, Layer: met2
Partial/Required:  1.33, Required:    400.0, Partial:   533.07, Net: _25337_, Pin: _43594_/A1, Layer: met1
Partial/Required:  1.33, Required:    400.0, Partial:   531.33, Net: _23237_, Pin: _27759_/A, Layer: met2
Partial/Required:  1.33, Required:    400.0, Partial:   530.41, Net: _18614_, Pin: _35772_/A0, Layer: met3
Partial/Required:  1.33, Required:    400.0, Partial:   530.11, Net: _23274_, Pin: _47744_/A, Layer: met2
Partial/Required:  1.32, Required:    400.0, Partial:   529.67, Net: _23168_, Pin: _33913_/A, Layer: met1
Partial/Required:  1.32, Required:    400.0, Partial:   529.34, Net: _19785_, Pin: _44788_/A1, Layer: met1
Partial/Required:  1.32, Required:    400.0, Partial:   528.74, Net: _21937_, Pin: _26471_/A, Layer: met2
Partial/Required:  1.32, Required:    400.0, Partial:   528.74, Net: _21937_, Pin: _27130_/B2, Layer: met2
Partial/Required:  1.32, Required:    400.0, Partial:   528.29, Net: _20302_, Pin: _45426_/A, Layer: met3
Partial/Required:  1.32, Required:    400.0, Partial:   528.29, Net: _20302_, Pin: _45345_/B2, Layer: met3
Partial/Required:  1.32, Required:    400.0, Partial:   526.28, Net: _13154_, Pin: _30361_/B, Layer: met1
Partial/Required:  1.31, Required:    400.0, Partial:   525.69, Net: _23529_, Pin: _27859_/A1_N, Layer: met2
Partial/Required:  1.31, Required:    400.0, Partial:   525.69, Net: _23529_, Pin: _27857_/C, Layer: met2
Partial/Required:  1.31, Required:    400.0, Partial:    525.3, Net: m0.B21\[10\], Pin: _47783_/A, Layer: met2
Partial/Required:  1.31, Required:    400.0, Partial:    525.3, Net: m0.B21\[10\], Pin: _47970_/A, Layer: met2
Partial/Required:  1.31, Required:    400.0, Partial:    525.3, Net: m0.B21\[10\], Pin: _41697_/B, Layer: met2
Partial/Required:  1.31, Required:    400.0, Partial:   525.25, Net: _21476_, Pin: _32103_/A1_N, Layer: met2
Partial/Required:  1.31, Required:    400.0, Partial:   525.25, Net: _21476_, Pin: _32150_/A1_N, Layer: met2
Partial/Required:  1.30, Required:    400.0, Partial:   519.67, Net: _21392_, Pin: _46035_/C, Layer: met1
Partial/Required:  1.29, Required:    400.0, Partial:   517.59, Net: _21751_, Pin: _26496_/A, Layer: met3
Partial/Required:  1.29, Required:   2778.2, Partial:  3594.16, Net: _18509_, Pin: _35638_/A0, Layer: met3
Partial/Required:  1.29, Required:    400.0, Partial:   514.89, Net: _19455_, Pin: _37646_/B, Layer: met1
Partial/Required:  1.29, Required:    400.0, Partial:   514.17, Net: _16220_, Pin: _33178_/C, Layer: met3
Partial/Required:  1.29, Required:    400.0, Partial:   514.17, Net: _16220_, Pin: _33177_/B1, Layer: met3
Partial/Required:  1.28, Required:    400.0, Partial:    513.0, Net: m0.A12\[5\], Pin: _29409_/C, Layer: met1
Partial/Required:  1.28, Required:    400.0, Partial:   512.37, Net: _22468_, Pin: _26993_/B2, Layer: met2
Partial/Required:  1.28, Required:  3478.04, Partial:   4435.3, Net: _18338_, Pin: _35421_/A0, Layer: met3
Partial/Required:  1.27, Required:    400.0, Partial:   509.39, Net: _20577_, Pin: _31449_/B, Layer: met3
Partial/Required:  1.27, Required:    400.0, Partial:   509.39, Net: _20577_, Pin: _31163_/A, Layer: met3
Partial/Required:  1.27, Required:    400.0, Partial:   508.89, Net: _16140_, Pin: _36725_/B, Layer: met1
Partial/Required:  1.27, Required:    400.0, Partial:    507.0, Net: _21014_, Pin: _39394_/B1_N, Layer: met1
Partial/Required:  1.27, Required:    400.0, Partial:   506.22, Net: m0.B21\[5\], Pin: _47816_/A, Layer: met1
Partial/Required:  1.26, Required:    400.0, Partial:   503.78, Net: _23056_, Pin: _27530_/A, Layer: met1
Partial/Required:  1.26, Required:  2753.36, Partial:  3459.81, Net: _00648_, Pin: _52358_/D, Layer: met3
Partial/Required:  1.26, Required:    400.0, Partial:   502.56, Net: _14447_, Pin: _31551_/C, Layer: met1
Partial/Required:  1.25, Required:    400.0, Partial:   501.71, Net: _23241_, Pin: _27942_/B, Layer: met3
Partial/Required:  1.25, Required:    400.0, Partial:   501.38, Net: _16289_, Pin: _33447_/A2, Layer: met3
Partial/Required:  1.25, Required:    400.0, Partial:   501.38, Net: _16289_, Pin: _33240_/B, Layer: met3
Partial/Required:  1.25, Required:    400.0, Partial:   501.38, Net: _16289_, Pin: _33304_/B, Layer: met3
Partial/Required:  1.25, Required:    400.0, Partial:   500.83, Net: _23302_, Pin: _47658_/A, Layer: met2
Partial/Required:  1.25, Required:    400.0, Partial:   500.78, Net: _12817_, Pin: _37330_/A, Layer: met1
Partial/Required:  1.25, Required:    400.0, Partial:   500.22, Net: _11029_, Pin: _42264_/A, Layer: met1
Partial/Required:  1.25, Required:    400.0, Partial:   498.11, Net: _09094_, Pin: _26689_/A_N, Layer: met1
Partial/Required:  1.24, Required:    400.0, Partial:   497.72, Net: _19674_, Pin: _39601_/A, Layer: met2
Partial/Required:  1.24, Required:    400.0, Partial:   497.33, Net: _14601_, Pin: _31698_/A, Layer: met1
Partial/Required:  1.24, Required:    400.0, Partial:   497.14, Net: _15821_, Pin: _50268_/B, Layer: met3
Partial/Required:  1.24, Required:    400.0, Partial:    496.7, Net: m2.A22\[9\], Pin: _36389_/A, Layer: met1
Partial/Required:  1.24, Required:    400.0, Partial:   496.03, Net: _09098_, Pin: _36079_/B2, Layer: met3
Partial/Required:  1.24, Required:  2753.36, Partial:   3401.4, Net: _00554_, Pin: _52264_/D, Layer: met3
Partial/Required:  1.23, Required:    400.0, Partial:    493.6, Net: _12531_, Pin: _36394_/B2, Layer: met2
Partial/Required:  1.23, Required:    400.0, Partial:    493.6, Net: _12531_, Pin: _43533_/A, Layer: met2
Partial/Required:  1.23, Required:    400.0, Partial:   493.06, Net: _23181_, Pin: _27632_/B2, Layer: met3
Partial/Required:  1.23, Required:    400.0, Partial:    492.0, Net: _21907_, Pin: _40818_/C, Layer: met2
Partial/Required:  1.23, Required:    400.0, Partial:   491.33, Net: _11013_, Pin: _28400_/B, Layer: met1
Partial/Required:  1.22, Required:    400.0, Partial:   489.67, Net: _03265_, Pin: _46762_/A, Layer: met1
Partial/Required:  1.22, Required:    400.0, Partial:   489.56, Net: _21641_, Pin: _32220_/A, Layer: met1
Partial/Required:  1.22, Required:    400.0, Partial:   488.25, Net: _02559_, Pin: _32076_/A1, Layer: met3
Partial/Required:  1.22, Required:    400.0, Partial:   488.25, Net: _02559_, Pin: _32107_/A1, Layer: met3
Partial/Required:  1.22, Required:    400.0, Partial:   488.05, Net: _09254_, Pin: _26787_/A, Layer: met1
Partial/Required:  1.22, Required:    400.0, Partial:    487.5, Net: _19709_, Pin: _47451_/S, Layer: met2
Partial/Required:  1.21, Required:    400.0, Partial:   484.39, Net: _19594_, Pin: _30436_/A, Layer: met2
Partial/Required:  1.20, Required:  2952.08, Partial:  3556.57, Net: _18740_, Pin: _35932_/A0, Layer: met4
Partial/Required:  1.20, Required:    400.0, Partial:    481.6, Net: _20561_, Pin: _38771_/A, Layer: met1
Partial/Required:  1.20, Required:    400.0, Partial:   480.11, Net: m2.A11\[0\], Pin: _43811_/B, Layer: met1
Partial/Required:  1.19, Required:    400.0, Partial:   477.83, Net: net898, Pin: _27601_/C, Layer: met2
Partial/Required:  1.19, Required:  2952.08, Partial:  3522.03, Net: _18480_, Pin: _35602_/A0, Layer: met4
Partial/Required:  1.18, Required:    400.0, Partial:   473.06, Net: _20951_, Pin: _45468_/A, Layer: met1
Partial/Required:  1.18, Required:    400.0, Partial:   471.22, Net: _12740_, Pin: _50036_/A, Layer: met2
Partial/Required:  1.17, Required:    400.0, Partial:   469.11, Net: m1.B12\[5\], Pin: _43811_/A, Layer: met1
Partial/Required:  1.17, Required:    400.0, Partial:    469.0, Net: m0.A21\[11\], Pin: _26111_/D, Layer: met1
Partial/Required:  1.17, Required:    400.0, Partial:   468.72, Net: _22864_, Pin: _35510_/A1, Layer: met2
Partial/Required:  1.17, Required:    400.0, Partial:   468.08, Net: _21234_, Pin: _51954_/B, Layer: met2
Partial/Required:  1.17, Required:    400.0, Partial:   466.51, Net: _18331_, Pin: _35441_/S, Layer: met3
Partial/Required:  1.17, Required:    400.0, Partial:   466.51, Net: _18331_, Pin: _35429_/S, Layer: met3
Partial/Required:  1.17, Required:    400.0, Partial:   466.51, Net: _18331_, Pin: _35435_/S, Layer: met3
Partial/Required:  1.17, Required:    400.0, Partial:   466.51, Net: _18331_, Pin: _35432_/S, Layer: met3
Partial/Required:  1.17, Required:    400.0, Partial:   466.51, Net: _18331_, Pin: _35438_/S, Layer: met3
Partial/Required:  1.16, Required:  2918.08, Partial:  3390.48, Net: net443, Pin: _35856_/A1, Layer: met5
Partial/Required:  1.16, Required:    400.0, Partial:    464.6, Net: _21813_, Pin: _26367_/A1, Layer: met2
Partial/Required:  1.15, Required:    400.0, Partial:   461.56, Net: _05491_, Pin: _27759_/C, Layer: met1
Partial/Required:  1.15, Required:    400.0, Partial:   460.76, Net: _24195_, Pin: _48472_/B2, Layer: met1
Partial/Required:  1.15, Required:    400.0, Partial:    460.4, Net: _23294_, Pin: _48014_/A, Layer: met2
Partial/Required:  1.15, Required:    400.0, Partial:    460.4, Net: _23294_, Pin: _47656_/A, Layer: met2
Partial/Required:  1.14, Required:    400.0, Partial:   457.37, Net: _20299_, Pin: _45344_/A, Layer: met3
Partial/Required:  1.14, Required:   2778.2, Partial:  3176.63, Net: _18822_, Pin: _36035_/A0, Layer: met4
Partial/Required:  1.14, Required:    400.0, Partial:   455.64, Net: _21328_, Pin: _41188_/B1, Layer: met2
Partial/Required:  1.14, Required:    400.0, Partial:   454.78, Net: _21796_, Pin: _46320_/A, Layer: met1
Partial/Required:  1.14, Required:    400.0, Partial:   454.44, Net: _24549_, Pin: _42789_/B, Layer: met1
Partial/Required:  1.13, Required:    400.0, Partial:   453.89, Net: _02077_, Pin: _45558_/A, Layer: met1
Partial/Required:  1.13, Required:  2753.36, Partial:  3115.17, Net: _00681_, Pin: _52391_/D, Layer: met3
Partial/Required:  1.13, Required:    400.0, Partial:   451.11, Net: _19881_, Pin: _38093_/D, Layer: met1
Partial/Required:  1.13, Required:    400.0, Partial:   450.33, Net: _02783_, Pin: _46306_/A_N, Layer: met1
Partial/Required:  1.12, Required:    400.0, Partial:   449.17, Net: _21908_, Pin: _40818_/D, Layer: met2
Partial/Required:  1.12, Required:    400.0, Partial:   449.14, Net: _21606_, Pin: _32603_/B, Layer: met3
Partial/Required:  1.12, Required:    400.0, Partial:   448.74, Net: _11546_, Pin: _49457_/B, Layer: met2
Partial/Required:  1.12, Required:    400.0, Partial:   448.74, Net: _11546_, Pin: _36303_/A, Layer: met2
Partial/Required:  1.12, Required:    400.0, Partial:   448.74, Net: _11546_, Pin: _36304_/B2, Layer: met2
Partial/Required:  1.11, Required:    400.0, Partial:   445.72, Net: net443, Pin: _35856_/A1, Layer: met2
Partial/Required:  1.11, Required:    400.0, Partial:   444.96, Net: _18965_, Pin: _37157_/C, Layer: met3
Partial/Required:  1.11, Required:    400.0, Partial:   444.96, Net: _18965_, Pin: _37156_/B1, Layer: met3
Partial/Required:  1.11, Required:    400.0, Partial:   444.68, Net: _22610_, Pin: _41119_/A, Layer: met3
Partial/Required:  1.11, Required:    400.0, Partial:   443.99, Net: _09637_, Pin: _48954_/A, Layer: met3
Partial/Required:  1.11, Required:    400.0, Partial:   443.67, Net: _23275_, Pin: _33818_/B, Layer: met2
Partial/Required:  1.11, Required:    400.0, Partial:   443.67, Net: _23275_, Pin: _48331_/B, Layer: met2
Partial/Required:  1.11, Required:    400.0, Partial:   443.67, Net: _23275_, Pin: _48253_/B, Layer: met2
Partial/Required:  1.11, Required:    400.0, Partial:   443.67, Net: _23275_, Pin: _48113_/B, Layer: met2
Partial/Required:  1.11, Required:    400.0, Partial:   443.67, Net: _23275_, Pin: _48035_/B, Layer: met2
Partial/Required:  1.11, Required:    400.0, Partial:   443.67, Net: _23275_, Pin: _47805_/B, Layer: met2
Partial/Required:  1.11, Required:    400.0, Partial:   442.89, Net: _07954_, Pin: _51499_/A, Layer: met1
Partial/Required:  1.11, Required:    400.0, Partial:   442.28, Net: _23105_, Pin: _27536_/A, Layer: met2
Partial/Required:  1.10, Required:    400.0, Partial:   441.69, Net: _12223_, Pin: _43371_/A, Layer: met3
Partial/Required:  1.10, Required:    400.0, Partial:   441.69, Net: _12223_, Pin: _36549_/A, Layer: met3
Partial/Required:  1.10, Required:    400.0, Partial:   441.22, Net: _05593_, Pin: _49122_/C, Layer: met1
Partial/Required:  1.10, Required:    400.0, Partial:   441.04, Net: _21352_, Pin: _42918_/B2, Layer: met2
Partial/Required:  1.10, Required:    400.0, Partial:    441.0, Net: _03573_, Pin: _47070_/B, Layer: met1
Partial/Required:  1.10, Required:    400.0, Partial:   439.53, Net: _22374_, Pin: _46796_/A, Layer: met3
Partial/Required:  1.10, Required:    400.0, Partial:   438.42, Net: clknet_4_14_0_clk, Pin: _52430_/CLK, Layer: met1
Partial/Required:  1.09, Required:    400.0, Partial:   434.89, Net: _06918_, Pin: _35404_/A1, Layer: met1
Partial/Required:  1.09, Required:  2736.24, Partial:   2969.9, Net: net473, Pin: _35531_/A1, Layer: met5
Partial/Required:  1.08, Required:    400.0, Partial:   432.33, Net: _04902_, Pin: _48414_/B, Layer: met1
Partial/Required:  1.08, Required:    400.0, Partial:   431.11, Net: _24552_, Pin: _35433_/A1, Layer: met3
Partial/Required:  1.08, Required:    400.0, Partial:   431.09, Net: _06469_, Pin: _49997_/C, Layer: met3
Partial/Required:  1.08, Required:    400.0, Partial:   431.09, Net: _06469_, Pin: _50049_/B1, Layer: met3
Partial/Required:  1.08, Required:    400.0, Partial:    430.8, Net: _02681_, Pin: _46242_/A1, Layer: met1
Partial/Required:  1.07, Required:    400.0, Partial:   429.27, Net: _05679_, Pin: _49239_/A, Layer: met1
Partial/Required:  1.07, Required:    400.0, Partial:   427.05, Net: _19142_, Pin: _29155_/A, Layer: met3
Partial/Required:  1.07, Required:    400.0, Partial:    427.0, Net: _06345_, Pin: _28442_/D, Layer: met1
Partial/Required:  1.07, Required:    400.0, Partial:   426.67, Net: _23629_, Pin: _48487_/B, Layer: met2
Partial/Required:  1.07, Required:    400.0, Partial:   426.67, Net: _23629_, Pin: _42434_/D, Layer: met2
Partial/Required:  1.06, Required:    400.0, Partial:   425.27, Net: _20027_, Pin: _44893_/A, Layer: met3
Partial/Required:  1.06, Required:    400.0, Partial:   424.81, Net: m0.B21\[0\], Pin: _34252_/B2, Layer: met2
Partial/Required:  1.06, Required:    400.0, Partial:   424.66, Net: _20445_, Pin: _51204_/B1, Layer: met3
Partial/Required:  1.06, Required:    400.0, Partial:   424.25, Net: _25104_, Pin: _43688_/A2, Layer: met2
Partial/Required:  1.06, Required:    400.0, Partial:   424.25, Net: _25104_, Pin: _44669_/C, Layer: met2
Partial/Required:  1.06, Required:    400.0, Partial:   422.89, Net: _11619_, Pin: _32058_/D, Layer: met1
Partial/Required:  1.06, Required:    400.0, Partial:   422.44, Net: _04571_, Pin: _48084_/B_N, Layer: met1
Partial/Required:  1.06, Required:    400.0, Partial:   422.14, Net: _06509_, Pin: _50037_/D, Layer: met2
Partial/Required:  1.06, Required:    400.0, Partial:   422.14, Net: _06509_, Pin: _50076_/C, Layer: met2
Partial/Required:  1.05, Required:  3299.84, Partial:   3478.1, Net: _18402_, Pin: _35503_/A0, Layer: met5
Partial/Required:  1.05, Required:    400.0, Partial:   419.62, Net: m0.B21\[15\], Pin: _28872_/A, Layer: met3
Partial/Required:  1.05, Required:    400.0, Partial:   419.44, Net: _23326_, Pin: _27678_/B, Layer: met1
Partial/Required:  1.04, Required:    400.0, Partial:    417.0, Net: m1.B21\[10\], Pin: _50907_/A, Layer: met2
Partial/Required:  1.04, Required:    400.0, Partial:   416.83, Net: _05579_, Pin: _27799_/B1, Layer: met1
Partial/Required:  1.04, Required:    400.0, Partial:   415.51, Net: _19900_, Pin: _44581_/B, Layer: met3
Partial/Required:  1.04, Required:    400.0, Partial:   415.51, Net: _19900_, Pin: _44582_/A1, Layer: met3
Partial/Required:  1.04, Required:    400.0, Partial:   415.51, Net: _19900_, Pin: _38293_/B1, Layer: met3
Partial/Required:  1.04, Required:    400.0, Partial:   415.51, Net: _19900_, Pin: _38107_/D, Layer: met3
Partial/Required:  1.04, Required:    400.0, Partial:   414.56, Net: _05410_, Pin: _28343_/D, Layer: met2
Partial/Required:  1.04, Required:    400.0, Partial:   414.28, Net: _24195_, Pin: _42434_/C, Layer: met2
Partial/Required:  1.04, Required:    400.0, Partial:   414.26, Net: _20322_, Pin: _50804_/B2, Layer: met2
Partial/Required:  1.03, Required:    400.0, Partial:   413.24, Net: _03919_, Pin: _47415_/B, Layer: met3
Partial/Required:  1.03, Required:    400.0, Partial:   413.24, Net: _03919_, Pin: _47419_/A2, Layer: met3
Partial/Required:  1.03, Required:  3787.48, Partial:  3911.95, Net: net401, Pin: _35499_/A1, Layer: met3
Partial/Required:  1.03, Required:    400.0, Partial:   412.99, Net: _19703_, Pin: _42898_/A, Layer: met2
Partial/Required:  1.03, Required:    400.0, Partial:   412.77, Net: _12828_, Pin: _37394_/A1, Layer: met3
Partial/Required:  1.03, Required:    400.0, Partial:   411.89, Net: _05462_, Pin: _27657_/D, Layer: met1
Partial/Required:  1.03, Required:   2778.2, Partial:  2856.13, Net: _18826_, Pin: _36041_/A0, Layer: met4
Partial/Required:  1.03, Required:  2753.36, Partial:  2828.95, Net: _00571_, Pin: _52281_/D, Layer: met3
Partial/Required:  1.03, Required:    400.0, Partial:   410.66, Net: _22520_, Pin: _33041_/A1, Layer: met3
Partial/Required:  1.03, Required:    400.0, Partial:   410.66, Net: _22520_, Pin: _32942_/B, Layer: met3
Partial/Required:  1.03, Required:    400.0, Partial:   410.55, Net: _20975_, Pin: _51321_/A1, Layer: met1
Partial/Required:  1.02, Required:    400.0, Partial:   409.22, Net: _24492_, Pin: _42731_/A, Layer: met1
Partial/Required:  1.02, Required:    400.0, Partial:   408.93, Net: _24087_, Pin: _42326_/C, Layer: met2
Partial/Required:  1.02, Required:    400.0, Partial:   408.93, Net: _24087_, Pin: _48382_/A, Layer: met2
Partial/Required:  1.02, Required:    400.0, Partial:   408.93, Net: _24087_, Pin: _48422_/B2, Layer: met2
Partial/Required:  1.02, Required:    400.0, Partial:   408.56, Net: _12124_, Pin: _49389_/C, Layer: met1
Partial/Required:  1.02, Required:    400.0, Partial:   408.17, Net: _18181_, Pin: _35229_/S, Layer: met1
Partial/Required:  1.02, Required:    400.0, Partial:   408.12, Net: _21731_, Pin: _27362_/A, Layer: met3
Partial/Required:  1.02, Required:    400.0, Partial:   408.12, Net: _21731_, Pin: _27361_/B2, Layer: met3
Partial/Required:  1.02, Required:    400.0, Partial:   407.94, Net: _01624_, Pin: _45111_/A, Layer: met2
Partial/Required:  1.02, Required:    400.0, Partial:    407.5, Net: _25239_, Pin: _43519_/A2, Layer: met1
Partial/Required:  1.02, Required:    400.0, Partial:   406.93, Net: _16593_, Pin: _33591_/B, Layer: met1
Partial/Required:  1.02, Required:  6395.68, Partial:  6504.45, Net: net512, Pin: _35458_/A1, Layer: met3
Partial/Required:  1.02, Required:    400.0, Partial:   406.56, Net: _12630_, Pin: _29221_/C, Layer: met1
Partial/Required:  1.01, Required:    400.0, Partial:   405.82, Net: _18770_, Pin: _35968_/A, Layer: met1
Partial/Required:  1.01, Required:  2952.08, Partial:  2985.65, Net: _18473_, Pin: _35593_/A0, Layer: met4
Partial/Required:  1.01, Required:  6781.76, Partial:  6853.59, Net: _18645_, Pin: _35810_/A0, Layer: met3
Partial/Required:  1.01, Required:    400.0, Partial:   403.15, Net: net720, Pin: output720/A, Layer: met2
Partial/Required:  1.01, Required:    400.0, Partial:   402.23, Net: _21388_, Pin: _39621_/A2, Layer: met3
Partial/Required:  1.01, Required:    400.0, Partial:   402.23, Net: _21388_, Pin: _39613_/A2, Layer: met3
Partial/Required:  1.00, Required:    400.0, Partial:   401.16, Net: _21756_, Pin: _46364_/A1, Layer: met1
Partial/Required:  1.00, Required:    400.0, Partial:   401.06, Net: _18705_, Pin: _35886_/A0, Layer: met2
Partial/Required:  1.00, Required:   2778.2, Partial:   2784.0, Net: net371, Pin: _35563_/A0, Layer: met5
