
===========================================================================
report_checks -unconstrained
===========================================================================
======================= Fastest Corner ===================================

Startpoint: _52419_ (rising edge-triggered flip-flop clocked by core_clock)
Endpoint: _52017_ (rising edge-triggered flip-flop clocked by core_clock)
Path Group: core_clock
Path Type: max
Corner: Fastest

Fanout     Cap    Slew   Delay    Time   Description
-----------------------------------------------------------------------------
                          0.00    0.00   clock core_clock (rise edge)
                          0.00    0.00   clock source latency
     2    0.12    0.00    0.00    0.00 ^ clk (in)
                                         clk (net)
                  0.01    0.01    0.01 ^ clkbuf_0_clk/A (sky130_fd_sc_hd__clkbuf_16)
     6    0.11    0.10    0.13    0.13 ^ clkbuf_0_clk/X (sky130_fd_sc_hd__clkbuf_16)
                                         clknet_0_clk (net)
                  0.10    0.00    0.14 ^ clkbuf_2_2_0_clk/A (sky130_fd_sc_hd__clkbuf_8)
     5    0.10    0.14    0.18    0.32 ^ clkbuf_2_2_0_clk/X (sky130_fd_sc_hd__clkbuf_8)
                                         clknet_2_2_0_clk (net)
                  0.14    0.00    0.32 ^ clkbuf_4_8_0_clk/A (sky130_fd_sc_hd__clkbuf_8)
    14    0.15    0.20    0.23    0.54 ^ clkbuf_4_8_0_clk/X (sky130_fd_sc_hd__clkbuf_8)
                                         clknet_4_8_0_clk (net)
                  0.20    0.01    0.55 ^ clkbuf_leaf_131_clk/A (sky130_fd_sc_hd__clkbuf_8)
     3    0.01    0.04    0.12    0.67 ^ clkbuf_leaf_131_clk/X (sky130_fd_sc_hd__clkbuf_8)
                                         clknet_leaf_131_clk (net)
                  0.04    0.00    0.67 ^ _52419_/CLK (sky130_fd_sc_hd__dfxtp_4)
     4    0.03    0.08    0.25    0.92 ^ _52419_/Q (sky130_fd_sc_hd__dfxtp_4)
                                         m1.B11[0] (net)
                  0.08    0.00    0.92 ^ _37987_/A (sky130_fd_sc_hd__buf_12)
    10    0.13    0.12    0.13    1.06 ^ _37987_/X (sky130_fd_sc_hd__buf_12)
                                         _19781_ (net)
                  0.12    0.00    1.06 ^ _37988_/A (sky130_fd_sc_hd__buf_12)
    10    0.13    0.12    0.14    1.19 ^ _37988_/X (sky130_fd_sc_hd__buf_12)
                                         _19782_ (net)
                  0.12    0.00    1.20 ^ _37989_/A (sky130_fd_sc_hd__buf_8)
    10    0.18    0.22    0.19    1.39 ^ _37989_/X (sky130_fd_sc_hd__buf_8)
                                         _19783_ (net)
                  0.23    0.03    1.42 ^ _37990_/A (sky130_fd_sc_hd__clkbuf_8)
    10    0.11    0.15    0.21    1.63 ^ _37990_/X (sky130_fd_sc_hd__clkbuf_8)
                                         _19784_ (net)
                  0.16    0.01    1.64 ^ _38994_/A (sky130_fd_sc_hd__clkbuf_16)
    11    0.25    0.20    0.23    1.88 ^ _38994_/X (sky130_fd_sc_hd__clkbuf_16)
                                         _20788_ (net)
                  0.20    0.01    1.89 ^ _31517_/A (sky130_fd_sc_hd__and4_2)
     3    0.03    0.13    0.23    2.12 ^ _31517_/X (sky130_fd_sc_hd__and4_2)
                                         _14411_ (net)
                  0.13    0.00    2.12 ^ _31518_/B (sky130_fd_sc_hd__and2_1)
     2    0.01    0.10    0.14    2.26 ^ _31518_/X (sky130_fd_sc_hd__and2_1)
                                         _14412_ (net)
                  0.10    0.00    2.26 ^ _31519_/C_N (sky130_fd_sc_hd__nor3b_4)
     3    0.06    0.49    0.42    2.68 ^ _31519_/Y (sky130_fd_sc_hd__nor3b_4)
                                         _14413_ (net)
                  0.49    0.00    2.68 ^ _31520_/C (sky130_fd_sc_hd__and3_2)
     4    0.05    0.20    0.27    2.96 ^ _31520_/X (sky130_fd_sc_hd__and3_2)
                                         _14414_ (net)
                  0.20    0.00    2.96 ^ _31524_/B (sky130_fd_sc_hd__nor2_2)
     1    0.02    0.07    0.05    3.01 v _31524_/Y (sky130_fd_sc_hd__nor2_2)
                                         _14419_ (net)
                  0.07    0.00    3.01 v _31525_/B (sky130_fd_sc_hd__xnor2_4)
     2    0.04    0.23    0.21    3.22 ^ _31525_/Y (sky130_fd_sc_hd__xnor2_4)
                                         _14420_ (net)
                  0.23    0.00    3.22 ^ _31526_/B2 (sky130_fd_sc_hd__o22ai_1)
     2    0.01    0.08    0.06    3.28 v _31526_/Y (sky130_fd_sc_hd__o22ai_1)
                                         _14421_ (net)
                  0.08    0.00    3.28 v _31529_/B1 (sky130_fd_sc_hd__a21o_1)
     2    0.01    0.05    0.11    3.39 v _31529_/X (sky130_fd_sc_hd__a21o_1)
                                         _14424_ (net)
                  0.05    0.00    3.39 v _31559_/A2 (sky130_fd_sc_hd__a21o_1)
     2    0.01    0.05    0.14    3.53 v _31559_/X (sky130_fd_sc_hd__a21o_1)
                                         _14457_ (net)
                  0.05    0.00    3.53 v _31561_/A2 (sky130_fd_sc_hd__a211o_1)
     2    0.01    0.06    0.22    3.75 v _31561_/X (sky130_fd_sc_hd__a211o_1)
                                         _14459_ (net)
                  0.06    0.00    3.75 v _31617_/A2 (sky130_fd_sc_hd__a21o_1)
     2    0.01    0.04    0.14    3.89 v _31617_/X (sky130_fd_sc_hd__a21o_1)
                                         _14521_ (net)
                  0.04    0.00    3.89 v _31620_/A2 (sky130_fd_sc_hd__a21o_1)
     2    0.01    0.04    0.13    4.02 v _31620_/X (sky130_fd_sc_hd__a21o_1)
                                         _14524_ (net)
                  0.04    0.00    4.02 v _31622_/A2 (sky130_fd_sc_hd__a21o_1)
     3    0.01    0.05    0.14    4.16 v _31622_/X (sky130_fd_sc_hd__a21o_1)
                                         _14526_ (net)
                  0.05    0.00    4.16 v _31624_/A1 (sky130_fd_sc_hd__a21bo_1)
     3    0.02    0.07    0.15    4.31 v _31624_/X (sky130_fd_sc_hd__a21bo_1)
                                         _14529_ (net)
                  0.07    0.00    4.31 v _31628_/A1 (sky130_fd_sc_hd__a21bo_4)
     3    0.02    0.04    0.17    4.48 v _31628_/X (sky130_fd_sc_hd__a21bo_4)
                                         _14533_ (net)
                  0.04    0.00    4.48 v _31631_/A2 (sky130_fd_sc_hd__a211o_1)
     2    0.01    0.06    0.21    4.69 v _31631_/X (sky130_fd_sc_hd__a211o_1)
                                         _14536_ (net)
                  0.06    0.00    4.69 v _31633_/A3 (sky130_fd_sc_hd__a31o_4)
     2    0.02    0.04    0.18    4.87 v _31633_/X (sky130_fd_sc_hd__a31o_4)
                                         _14538_ (net)
                  0.04    0.00    4.87 v _31641_/A1 (sky130_fd_sc_hd__a21o_4)
     2    0.04    0.06    0.17    5.04 v _31641_/X (sky130_fd_sc_hd__a21o_4)
                                         _14547_ (net)
                  0.06    0.00    5.04 v _31647_/A2 (sky130_fd_sc_hd__a21o_1)
     2    0.01    0.04    0.14    5.18 v _31647_/X (sky130_fd_sc_hd__a21o_1)
                                         _14554_ (net)
                  0.04    0.00    5.18 v _31649_/A2 (sky130_fd_sc_hd__a21o_2)
     2    0.02    0.06    0.17    5.35 v _31649_/X (sky130_fd_sc_hd__a21o_2)
                                         _14556_ (net)
                  0.06    0.00    5.35 v _31795_/A (sky130_fd_sc_hd__xor2_4)
     3    0.09    0.46    0.39    5.74 ^ _31795_/X (sky130_fd_sc_hd__xor2_4)
                                         _14717_ (net)
                  0.46    0.00    5.75 ^ _31862_/A (sky130_fd_sc_hd__xnor2_2)
     2    0.01    0.09    0.05    5.80 v _31862_/Y (sky130_fd_sc_hd__xnor2_2)
                                         _14790_ (net)
                  0.09    0.00    5.80 v _31863_/C1 (sky130_fd_sc_hd__a311o_1)
     3    0.01    0.07    0.15    5.94 v _31863_/X (sky130_fd_sc_hd__a311o_1)
                                         _14791_ (net)
                  0.07    0.00    5.94 v _31992_/A2 (sky130_fd_sc_hd__a21oi_1)
     1    0.00    0.08    0.11    6.05 ^ _31992_/Y (sky130_fd_sc_hd__a21oi_1)
                                         _14933_ (net)
                  0.08    0.00    6.05 ^ _31994_/A (sky130_fd_sc_hd__nor2_1)
     1    0.00    0.03    0.03    6.08 v _31994_/Y (sky130_fd_sc_hd__nor2_1)
                                         _14936_ (net)
                  0.03    0.00    6.08 v _31996_/B1 (sky130_fd_sc_hd__o22a_1)
     1    0.00    0.03    0.10    6.18 v _31996_/X (sky130_fd_sc_hd__o22a_1)
                                         _00307_ (net)
                  0.03    0.00    6.18 v _52017_/D (sky130_fd_sc_hd__dfrtp_4)
                                  6.18   data arrival time

                         10.00   10.00   clock core_clock (rise edge)
                          0.00   10.00   clock source latency
     2    0.12    0.00    0.00   10.00 ^ clk (in)
                                         clk (net)
                  0.01    0.01   10.01 ^ clkbuf_0_clk/A (sky130_fd_sc_hd__clkbuf_16)
     6    0.11    0.10    0.13   10.13 ^ clkbuf_0_clk/X (sky130_fd_sc_hd__clkbuf_16)
                                         clknet_0_clk (net)
                  0.10    0.00   10.14 ^ clkbuf_2_0_0_clk/A (sky130_fd_sc_hd__clkbuf_8)
     4    0.10    0.14    0.17   10.31 ^ clkbuf_2_0_0_clk/X (sky130_fd_sc_hd__clkbuf_8)
                                         clknet_2_0_0_clk (net)
                  0.14    0.01   10.32 ^ clkbuf_4_0_0_clk/A (sky130_fd_sc_hd__clkbuf_8)
    16    0.17    0.22    0.24   10.56 ^ clkbuf_4_0_0_clk/X (sky130_fd_sc_hd__clkbuf_8)
                                         clknet_4_0_0_clk (net)
                  0.22    0.01   10.58 ^ clkbuf_leaf_2_clk/A (sky130_fd_sc_hd__clkbuf_8)
     6    0.02    0.04    0.13   10.71 ^ clkbuf_leaf_2_clk/X (sky130_fd_sc_hd__clkbuf_8)
                                         clknet_leaf_2_clk (net)
                  0.04    0.00   10.71 ^ _52017_/CLK (sky130_fd_sc_hd__dfrtp_4)
                          0.00   10.71   clock reconvergence pessimism
                         -0.07   10.64   library setup time
                                 10.64   data required time
-----------------------------------------------------------------------------
                                 10.64   data required time
                                 -6.18   data arrival time
-----------------------------------------------------------------------------
                                  4.46   slack (MET)



======================= Slowest Corner ===================================

Startpoint: _52307_ (rising edge-triggered flip-flop clocked by core_clock)
Endpoint: _52128_ (rising edge-triggered flip-flop clocked by core_clock)
Path Group: core_clock
Path Type: max
Corner: Slowest

Fanout     Cap    Slew   Delay    Time   Description
-----------------------------------------------------------------------------
                          0.00    0.00   clock core_clock (rise edge)
                          0.00    0.00   clock source latency
     2    0.12    0.00    0.00    0.00 ^ clk (in)
                                         clk (net)
                  0.01    0.01    0.01 ^ clkbuf_0_clk/A (sky130_fd_sc_hd__clkbuf_16)
     6    0.11    0.19    0.30    0.31 ^ clkbuf_0_clk/X (sky130_fd_sc_hd__clkbuf_16)
                                         clknet_0_clk (net)
                  0.19    0.00    0.31 ^ clkbuf_2_3_0_clk/A (sky130_fd_sc_hd__clkbuf_8)
     4    0.10    0.28    0.45    0.75 ^ clkbuf_2_3_0_clk/X (sky130_fd_sc_hd__clkbuf_8)
                                         clknet_2_3_0_clk (net)
                  0.28    0.00    0.76 ^ clkbuf_4_12_0_clk/A (sky130_fd_sc_hd__clkbuf_8)
    10    0.11    0.31    0.50    1.26 ^ clkbuf_4_12_0_clk/X (sky130_fd_sc_hd__clkbuf_8)
                                         clknet_4_12_0_clk (net)
                  0.31    0.01    1.27 ^ clkbuf_leaf_99_clk/A (sky130_fd_sc_hd__clkbuf_8)
     4    0.01    0.07    0.33    1.60 ^ clkbuf_leaf_99_clk/X (sky130_fd_sc_hd__clkbuf_8)
                                         clknet_leaf_99_clk (net)
                  0.07    0.00    1.60 ^ _52307_/CLK (sky130_fd_sc_hd__dfxtp_4)
     3    0.04    0.19    0.80    2.40 ^ _52307_/Q (sky130_fd_sc_hd__dfxtp_4)
                                         m0.B12[0] (net)
                  0.19    0.00    2.40 ^ _39605_/A (sky130_fd_sc_hd__buf_6)
     5    0.05    0.18    0.32    2.72 ^ _39605_/X (sky130_fd_sc_hd__buf_6)
                                         _21383_ (net)
                  0.18    0.00    2.72 ^ _39619_/A (sky130_fd_sc_hd__buf_8)
    11    0.18    0.46    0.51    3.23 ^ _39619_/X (sky130_fd_sc_hd__buf_8)
                                         _21397_ (net)
                  0.46    0.01    3.24 ^ _39690_/A (sky130_fd_sc_hd__buf_12)
    13    0.19    0.35    0.50    3.74 ^ _39690_/X (sky130_fd_sc_hd__buf_12)
                                         _21468_ (net)
                  0.36    0.05    3.79 ^ _46783_/A (sky130_fd_sc_hd__and4_2)
     3    0.03    0.31    0.74    4.53 ^ _46783_/X (sky130_fd_sc_hd__and4_2)
                                         _03288_ (net)
                  0.31    0.00    4.54 ^ _46784_/B1_N (sky130_fd_sc_hd__o21bai_1)
     2    0.01    0.44    0.38    4.91 ^ _46784_/Y (sky130_fd_sc_hd__o21bai_1)
                                         _03289_ (net)
                  0.44    0.00    4.91 ^ _46786_/C (sky130_fd_sc_hd__nand3_1)
     3    0.01    0.32    0.44    5.36 v _46786_/Y (sky130_fd_sc_hd__nand3_1)
                                         _03291_ (net)
                  0.32    0.00    5.36 v _46787_/B1_N (sky130_fd_sc_hd__a21bo_1)
     2    0.02    0.21    0.57    5.93 ^ _46787_/X (sky130_fd_sc_hd__a21bo_1)
                                         _03292_ (net)
                  0.21    0.00    5.93 ^ _46790_/B1 (sky130_fd_sc_hd__a21o_1)
     2    0.02    0.31    0.38    6.30 ^ _46790_/X (sky130_fd_sc_hd__a21o_1)
                                         _03295_ (net)
                  0.31    0.00    6.30 ^ _46791_/C (sky130_fd_sc_hd__nand3_4)
     5    0.11    0.74    0.70    7.00 v _46791_/Y (sky130_fd_sc_hd__nand3_4)
                                         _03296_ (net)
                  0.74    0.00    7.00 v _46793_/A1 (sky130_fd_sc_hd__a211oi_4)
     4    0.10    1.65    1.67    8.68 ^ _46793_/Y (sky130_fd_sc_hd__a211oi_4)
                                         _03298_ (net)
                  1.65    0.00    8.68 ^ _46818_/B1 (sky130_fd_sc_hd__a21oi_4)
     2    0.07    0.43    0.65    9.33 v _46818_/Y (sky130_fd_sc_hd__a21oi_4)
                                         _03323_ (net)
                  0.43    0.00    9.34 v _46819_/C (sky130_fd_sc_hd__or3_1)
     3    0.01    0.19    0.93   10.26 v _46819_/X (sky130_fd_sc_hd__or3_1)
                                         _03324_ (net)
                  0.19    0.00   10.26 v _46903_/A1 (sky130_fd_sc_hd__a21o_1)
     2    0.00    0.08    0.35   10.62 v _46903_/X (sky130_fd_sc_hd__a21o_1)
                                         _03408_ (net)
                  0.08    0.00   10.62 v _46904_/C (sky130_fd_sc_hd__and3_1)
     3    0.01    0.13    0.42   11.04 v _46904_/X (sky130_fd_sc_hd__and3_1)
                                         _03409_ (net)
                  0.13    0.00   11.04 v _46954_/A (sky130_fd_sc_hd__nor3b_1)
     3    0.01    0.65    0.63   11.68 ^ _46954_/Y (sky130_fd_sc_hd__nor3b_1)
                                         _03459_ (net)
                  0.65    0.00   11.68 ^ _46957_/B (sky130_fd_sc_hd__nor3_2)
     3    0.01    0.17    0.32   12.00 v _46957_/Y (sky130_fd_sc_hd__nor3_2)
                                         _03462_ (net)
                  0.17    0.00   12.00 v _46989_/C1 (sky130_fd_sc_hd__a211oi_4)
     4    0.02    0.47    0.47   12.47 ^ _46989_/Y (sky130_fd_sc_hd__a211oi_4)
                                         _03494_ (net)
                  0.47    0.00   12.47 ^ _47052_/A (sky130_fd_sc_hd__or3_1)
     3    0.01    0.17    0.41   12.88 ^ _47052_/X (sky130_fd_sc_hd__or3_1)
                                         _03557_ (net)
                  0.17    0.00   12.88 ^ _47053_/B1_N (sky130_fd_sc_hd__a21bo_4)
     3    0.02    0.09    0.49   13.37 v _47053_/X (sky130_fd_sc_hd__a21bo_4)
                                         _03558_ (net)
                  0.09    0.00   13.37 v _47056_/A2 (sky130_fd_sc_hd__a211o_1)
     2    0.01    0.12    0.59   13.97 v _47056_/X (sky130_fd_sc_hd__a211o_1)
                                         _03561_ (net)
                  0.12    0.00   13.97 v _47058_/A3 (sky130_fd_sc_hd__a31o_1)
     2    0.01    0.15    0.50   14.47 v _47058_/X (sky130_fd_sc_hd__a31o_1)
                                         _03563_ (net)
                  0.15    0.00   14.47 v _47066_/A1 (sky130_fd_sc_hd__a21o_1)
     2    0.01    0.14    0.40   14.87 v _47066_/X (sky130_fd_sc_hd__a21o_1)
                                         _03571_ (net)
                  0.14    0.00   14.87 v _47071_/A1 (sky130_fd_sc_hd__a21o_1)
     2    0.03    0.26    0.49   15.36 v _47071_/X (sky130_fd_sc_hd__a21o_1)
                                         _03576_ (net)
                  0.26    0.00   15.36 v _47073_/A2 (sky130_fd_sc_hd__a21o_4)
     2    0.04    0.12    0.55   15.91 v _47073_/X (sky130_fd_sc_hd__a21o_4)
                                         _03578_ (net)
                  0.12    0.00   15.91 v _47217_/B (sky130_fd_sc_hd__xnor2_4)
     3    0.05    0.58    0.54   16.45 ^ _47217_/Y (sky130_fd_sc_hd__xnor2_4)
                                         _03722_ (net)
                  0.58    0.01   16.45 ^ _47283_/B (sky130_fd_sc_hd__xnor2_1)
     2    0.01    0.16    0.32   16.78 v _47283_/Y (sky130_fd_sc_hd__xnor2_1)
                                         _03788_ (net)
                  0.16    0.00   16.78 v _47284_/C1 (sky130_fd_sc_hd__a311o_1)
     3    0.01    0.16    0.62   17.40 v _47284_/X (sky130_fd_sc_hd__a311o_1)
                                         _03789_ (net)
                  0.16    0.00   17.40 v _47423_/B (sky130_fd_sc_hd__and3_1)
     1    0.00    0.07    0.37   17.77 v _47423_/X (sky130_fd_sc_hd__and3_1)
                                         _03927_ (net)
                  0.07    0.00   17.77 v _47425_/A (sky130_fd_sc_hd__or2_1)
     1    0.00    0.10    0.50   18.27 v _47425_/X (sky130_fd_sc_hd__or2_1)
                                         _03929_ (net)
                  0.10    0.00   18.27 v _47426_/A (sky130_fd_sc_hd__clkbuf_1)
     1    0.00    0.05    0.17   18.44 v _47426_/X (sky130_fd_sc_hd__clkbuf_1)
                                         _00418_ (net)
                  0.05    0.00   18.44 v _52128_/D (sky130_fd_sc_hd__dfrtp_2)
                                 18.44   data arrival time

                         10.00   10.00   clock core_clock (rise edge)
                          0.00   10.00   clock source latency
     2    0.12    0.00    0.00   10.00 ^ clk (in)
                                         clk (net)
                  0.01    0.01   10.01 ^ clkbuf_0_clk/A (sky130_fd_sc_hd__clkbuf_16)
     6    0.11    0.19    0.30   10.31 ^ clkbuf_0_clk/X (sky130_fd_sc_hd__clkbuf_16)
                                         clknet_0_clk (net)
                  0.19    0.00   10.31 ^ clkbuf_2_1_0_clk/A (sky130_fd_sc_hd__clkbuf_8)
     6    0.10    0.29    0.44   10.75 ^ clkbuf_2_1_0_clk/X (sky130_fd_sc_hd__clkbuf_8)
                                         clknet_2_1_0_clk (net)
                  0.29    0.01   10.76 ^ clkbuf_4_6_0_clk/A (sky130_fd_sc_hd__clkbuf_8)
    12    0.19    0.49    0.64   11.40 ^ clkbuf_4_6_0_clk/X (sky130_fd_sc_hd__clkbuf_8)
                                         clknet_4_6_0_clk (net)
                  0.49    0.01   11.41 ^ clkbuf_leaf_40_clk/A (sky130_fd_sc_hd__clkbuf_8)
     5    0.02    0.08    0.41   11.82 ^ clkbuf_leaf_40_clk/X (sky130_fd_sc_hd__clkbuf_8)
                                         clknet_leaf_40_clk (net)
                  0.08    0.00   11.82 ^ _52128_/CLK (sky130_fd_sc_hd__dfrtp_2)
                          0.00   11.82   clock reconvergence pessimism
                         -0.27   11.56   library setup time
                                 11.56   data required time
-----------------------------------------------------------------------------
                                 11.56   data required time
                                -18.44   data arrival time
-----------------------------------------------------------------------------
                                 -6.88   slack (VIOLATED)



======================= Typical Corner ===================================

Startpoint: _52419_ (rising edge-triggered flip-flop clocked by core_clock)
Endpoint: _52017_ (rising edge-triggered flip-flop clocked by core_clock)
Path Group: core_clock
Path Type: max
Corner: Typical

Fanout     Cap    Slew   Delay    Time   Description
-----------------------------------------------------------------------------
                          0.00    0.00   clock core_clock (rise edge)
                          0.00    0.00   clock source latency
     2    0.12    0.00    0.00    0.00 ^ clk (in)
                                         clk (net)
                  0.01    0.01    0.01 ^ clkbuf_0_clk/A (sky130_fd_sc_hd__clkbuf_16)
     6    0.11    0.12    0.18    0.19 ^ clkbuf_0_clk/X (sky130_fd_sc_hd__clkbuf_16)
                                         clknet_0_clk (net)
                  0.12    0.00    0.19 ^ clkbuf_2_2_0_clk/A (sky130_fd_sc_hd__clkbuf_8)
     5    0.10    0.18    0.26    0.45 ^ clkbuf_2_2_0_clk/X (sky130_fd_sc_hd__clkbuf_8)
                                         clknet_2_2_0_clk (net)
                  0.18    0.00    0.45 ^ clkbuf_4_8_0_clk/A (sky130_fd_sc_hd__clkbuf_8)
    14    0.15    0.26    0.33    0.78 ^ clkbuf_4_8_0_clk/X (sky130_fd_sc_hd__clkbuf_8)
                                         clknet_4_8_0_clk (net)
                  0.26    0.01    0.79 ^ clkbuf_leaf_131_clk/A (sky130_fd_sc_hd__clkbuf_8)
     3    0.01    0.05    0.19    0.98 ^ clkbuf_leaf_131_clk/X (sky130_fd_sc_hd__clkbuf_8)
                                         clknet_leaf_131_clk (net)
                  0.05    0.00    0.98 ^ _52419_/CLK (sky130_fd_sc_hd__dfxtp_4)
     4    0.03    0.11    0.39    1.37 ^ _52419_/Q (sky130_fd_sc_hd__dfxtp_4)
                                         m1.B11[0] (net)
                  0.11    0.00    1.37 ^ _37987_/A (sky130_fd_sc_hd__buf_12)
    10    0.13    0.16    0.20    1.57 ^ _37987_/X (sky130_fd_sc_hd__buf_12)
                                         _19781_ (net)
                  0.16    0.00    1.57 ^ _37988_/A (sky130_fd_sc_hd__buf_12)
    10    0.13    0.15    0.21    1.78 ^ _37988_/X (sky130_fd_sc_hd__buf_12)
                                         _19782_ (net)
                  0.15    0.00    1.78 ^ _37989_/A (sky130_fd_sc_hd__buf_8)
    10    0.18    0.29    0.29    2.07 ^ _37989_/X (sky130_fd_sc_hd__buf_8)
                                         _19783_ (net)
                  0.30    0.03    2.10 ^ _37990_/A (sky130_fd_sc_hd__clkbuf_8)
    10    0.11    0.20    0.32    2.42 ^ _37990_/X (sky130_fd_sc_hd__clkbuf_8)
                                         _19784_ (net)
                  0.20    0.01    2.44 ^ _38994_/A (sky130_fd_sc_hd__clkbuf_16)
    11    0.25    0.26    0.34    2.77 ^ _38994_/X (sky130_fd_sc_hd__clkbuf_16)
                                         _20788_ (net)
                  0.26    0.01    2.78 ^ _31517_/A (sky130_fd_sc_hd__and4_2)
     3    0.03    0.19    0.38    3.17 ^ _31517_/X (sky130_fd_sc_hd__and4_2)
                                         _14411_ (net)
                  0.19    0.00    3.17 ^ _31518_/B (sky130_fd_sc_hd__and2_1)
     2    0.01    0.13    0.22    3.39 ^ _31518_/X (sky130_fd_sc_hd__and2_1)
                                         _14412_ (net)
                  0.13    0.00    3.39 ^ _31519_/C_N (sky130_fd_sc_hd__nor3b_4)
     3    0.06    0.67    0.61    3.99 ^ _31519_/Y (sky130_fd_sc_hd__nor3b_4)
                                         _14413_ (net)
                  0.67    0.00    4.00 ^ _31520_/C (sky130_fd_sc_hd__and3_2)
     4    0.05    0.27    0.47    4.46 ^ _31520_/X (sky130_fd_sc_hd__and3_2)
                                         _14414_ (net)
                  0.27    0.00    4.46 ^ _31524_/B (sky130_fd_sc_hd__nor2_2)
     1    0.02    0.09    0.11    4.57 v _31524_/Y (sky130_fd_sc_hd__nor2_2)
                                         _14419_ (net)
                  0.09    0.00    4.57 v _31525_/B (sky130_fd_sc_hd__xnor2_4)
     2    0.04    0.30    0.29    4.86 ^ _31525_/Y (sky130_fd_sc_hd__xnor2_4)
                                         _14420_ (net)
                  0.30    0.00    4.86 ^ _31526_/B2 (sky130_fd_sc_hd__o22ai_1)
     2    0.01    0.12    0.16    5.02 v _31526_/Y (sky130_fd_sc_hd__o22ai_1)
                                         _14421_ (net)
                  0.12    0.00    5.02 v _31529_/B1 (sky130_fd_sc_hd__a21o_1)
     2    0.01    0.06    0.21    5.23 v _31529_/X (sky130_fd_sc_hd__a21o_1)
                                         _14424_ (net)
                  0.06    0.00    5.23 v _31559_/A2 (sky130_fd_sc_hd__a21o_1)
     2    0.01    0.07    0.22    5.45 v _31559_/X (sky130_fd_sc_hd__a21o_1)
                                         _14457_ (net)
                  0.07    0.00    5.45 v _31561_/A2 (sky130_fd_sc_hd__a211o_1)
     2    0.01    0.09    0.34    5.80 v _31561_/X (sky130_fd_sc_hd__a211o_1)
                                         _14459_ (net)
                  0.09    0.00    5.80 v _31617_/A2 (sky130_fd_sc_hd__a21o_1)
     2    0.01    0.06    0.21    6.01 v _31617_/X (sky130_fd_sc_hd__a21o_1)
                                         _14521_ (net)
                  0.06    0.00    6.01 v _31620_/A2 (sky130_fd_sc_hd__a21o_1)
     2    0.01    0.06    0.20    6.21 v _31620_/X (sky130_fd_sc_hd__a21o_1)
                                         _14524_ (net)
                  0.06    0.00    6.21 v _31622_/A2 (sky130_fd_sc_hd__a21o_1)
     3    0.01    0.07    0.21    6.42 v _31622_/X (sky130_fd_sc_hd__a21o_1)
                                         _14526_ (net)
                  0.07    0.00    6.42 v _31624_/A1 (sky130_fd_sc_hd__a21bo_1)
     3    0.02    0.09    0.23    6.65 v _31624_/X (sky130_fd_sc_hd__a21bo_1)
                                         _14529_ (net)
                  0.09    0.00    6.65 v _31628_/A1 (sky130_fd_sc_hd__a21bo_4)
     3    0.02    0.06    0.26    6.91 v _31628_/X (sky130_fd_sc_hd__a21bo_4)
                                         _14533_ (net)
                  0.06    0.00    6.91 v _31631_/A2 (sky130_fd_sc_hd__a211o_1)
     2    0.01    0.08    0.33    7.24 v _31631_/X (sky130_fd_sc_hd__a211o_1)
                                         _14536_ (net)
                  0.08    0.00    7.24 v _31633_/A3 (sky130_fd_sc_hd__a31o_4)
     2    0.02    0.06    0.28    7.52 v _31633_/X (sky130_fd_sc_hd__a31o_4)
                                         _14538_ (net)
                  0.06    0.00    7.52 v _31641_/A1 (sky130_fd_sc_hd__a21o_4)
     2    0.04    0.08    0.26    7.78 v _31641_/X (sky130_fd_sc_hd__a21o_4)
                                         _14547_ (net)
                  0.08    0.00    7.78 v _31647_/A2 (sky130_fd_sc_hd__a21o_1)
     2    0.01    0.05    0.21    7.99 v _31647_/X (sky130_fd_sc_hd__a21o_1)
                                         _14554_ (net)
                  0.05    0.00    7.99 v _31649_/A2 (sky130_fd_sc_hd__a21o_2)
     2    0.02    0.08    0.26    8.25 v _31649_/X (sky130_fd_sc_hd__a21o_2)
                                         _14556_ (net)
                  0.08    0.00    8.25 v _31795_/A (sky130_fd_sc_hd__xor2_4)
     3    0.09    0.61    0.54    8.79 ^ _31795_/X (sky130_fd_sc_hd__xor2_4)
                                         _14717_ (net)
                  0.61    0.00    8.80 ^ _31862_/A (sky130_fd_sc_hd__xnor2_2)
     2    0.01    0.11    0.16    8.95 v _31862_/Y (sky130_fd_sc_hd__xnor2_2)
                                         _14790_ (net)
                  0.11    0.00    8.95 v _31863_/C1 (sky130_fd_sc_hd__a311o_1)
     3    0.01    0.09    0.33    9.29 v _31863_/X (sky130_fd_sc_hd__a311o_1)
                                         _14791_ (net)
                  0.09    0.00    9.29 v _31993_/A2 (sky130_fd_sc_hd__a31o_1)
     1    0.00    0.04    0.22    9.50 v _31993_/X (sky130_fd_sc_hd__a31o_1)
                                         _14934_ (net)
                  0.04    0.00    9.50 v _31994_/B (sky130_fd_sc_hd__nor2_1)
     1    0.00    0.08    0.08    9.58 ^ _31994_/Y (sky130_fd_sc_hd__nor2_1)
                                         _14936_ (net)
                  0.08    0.00    9.58 ^ _31996_/B1 (sky130_fd_sc_hd__o22a_1)
     1    0.00    0.04    0.13    9.71 ^ _31996_/X (sky130_fd_sc_hd__o22a_1)
                                         _00307_ (net)
                  0.04    0.00    9.71 ^ _52017_/D (sky130_fd_sc_hd__dfrtp_4)
                                  9.71   data arrival time

                         10.00   10.00   clock core_clock (rise edge)
                          0.00   10.00   clock source latency
     2    0.12    0.00    0.00   10.00 ^ clk (in)
                                         clk (net)
                  0.01    0.01   10.01 ^ clkbuf_0_clk/A (sky130_fd_sc_hd__clkbuf_16)
     6    0.11    0.12    0.18   10.19 ^ clkbuf_0_clk/X (sky130_fd_sc_hd__clkbuf_16)
                                         clknet_0_clk (net)
                  0.12    0.00   10.19 ^ clkbuf_2_0_0_clk/A (sky130_fd_sc_hd__clkbuf_8)
     4    0.10    0.18    0.25   10.44 ^ clkbuf_2_0_0_clk/X (sky130_fd_sc_hd__clkbuf_8)
                                         clknet_2_0_0_clk (net)
                  0.18    0.01   10.45 ^ clkbuf_4_0_0_clk/A (sky130_fd_sc_hd__clkbuf_8)
    16    0.17    0.29    0.35   10.80 ^ clkbuf_4_0_0_clk/X (sky130_fd_sc_hd__clkbuf_8)
                                         clknet_4_0_0_clk (net)
                  0.29    0.01   10.81 ^ clkbuf_leaf_2_clk/A (sky130_fd_sc_hd__clkbuf_8)
     6    0.02    0.06    0.22   11.03 ^ clkbuf_leaf_2_clk/X (sky130_fd_sc_hd__clkbuf_8)
                                         clknet_leaf_2_clk (net)
                  0.06    0.00   11.03 ^ _52017_/CLK (sky130_fd_sc_hd__dfrtp_4)
                          0.00   11.03   clock reconvergence pessimism
                         -0.06   10.97   library setup time
                                 10.97   data required time
-----------------------------------------------------------------------------
                                 10.97   data required time
                                 -9.71   data arrival time
-----------------------------------------------------------------------------
                                  1.26   slack (MET)




===========================================================================
report_checks --slack_max -0.01
============================================================================
======================= Fastest Corner ===================================

No paths found.

======================= Slowest Corner ===================================

Startpoint: _52307_ (rising edge-triggered flip-flop clocked by core_clock)
Endpoint: _52128_ (rising edge-triggered flip-flop clocked by core_clock)
Path Group: core_clock
Path Type: max
Corner: Slowest

Fanout     Cap    Slew   Delay    Time   Description
-----------------------------------------------------------------------------
                          0.00    0.00   clock core_clock (rise edge)
                          0.00    0.00   clock source latency
     2    0.12    0.00    0.00    0.00 ^ clk (in)
                                         clk (net)
                  0.01    0.01    0.01 ^ clkbuf_0_clk/A (sky130_fd_sc_hd__clkbuf_16)
     6    0.11    0.19    0.30    0.31 ^ clkbuf_0_clk/X (sky130_fd_sc_hd__clkbuf_16)
                                         clknet_0_clk (net)
                  0.19    0.00    0.31 ^ clkbuf_2_3_0_clk/A (sky130_fd_sc_hd__clkbuf_8)
     4    0.10    0.28    0.45    0.75 ^ clkbuf_2_3_0_clk/X (sky130_fd_sc_hd__clkbuf_8)
                                         clknet_2_3_0_clk (net)
                  0.28    0.00    0.76 ^ clkbuf_4_12_0_clk/A (sky130_fd_sc_hd__clkbuf_8)
    10    0.11    0.31    0.50    1.26 ^ clkbuf_4_12_0_clk/X (sky130_fd_sc_hd__clkbuf_8)
                                         clknet_4_12_0_clk (net)
                  0.31    0.01    1.27 ^ clkbuf_leaf_99_clk/A (sky130_fd_sc_hd__clkbuf_8)
     4    0.01    0.07    0.33    1.60 ^ clkbuf_leaf_99_clk/X (sky130_fd_sc_hd__clkbuf_8)
                                         clknet_leaf_99_clk (net)
                  0.07    0.00    1.60 ^ _52307_/CLK (sky130_fd_sc_hd__dfxtp_4)
     3    0.04    0.19    0.80    2.40 ^ _52307_/Q (sky130_fd_sc_hd__dfxtp_4)
                                         m0.B12[0] (net)
                  0.19    0.00    2.40 ^ _39605_/A (sky130_fd_sc_hd__buf_6)
     5    0.05    0.18    0.32    2.72 ^ _39605_/X (sky130_fd_sc_hd__buf_6)
                                         _21383_ (net)
                  0.18    0.00    2.72 ^ _39619_/A (sky130_fd_sc_hd__buf_8)
    11    0.18    0.46    0.51    3.23 ^ _39619_/X (sky130_fd_sc_hd__buf_8)
                                         _21397_ (net)
                  0.46    0.01    3.24 ^ _39690_/A (sky130_fd_sc_hd__buf_12)
    13    0.19    0.35    0.50    3.74 ^ _39690_/X (sky130_fd_sc_hd__buf_12)
                                         _21468_ (net)
                  0.36    0.05    3.79 ^ _46783_/A (sky130_fd_sc_hd__and4_2)
     3    0.03    0.31    0.74    4.53 ^ _46783_/X (sky130_fd_sc_hd__and4_2)
                                         _03288_ (net)
                  0.31    0.00    4.54 ^ _46784_/B1_N (sky130_fd_sc_hd__o21bai_1)
     2    0.01    0.44    0.38    4.91 ^ _46784_/Y (sky130_fd_sc_hd__o21bai_1)
                                         _03289_ (net)
                  0.44    0.00    4.91 ^ _46786_/C (sky130_fd_sc_hd__nand3_1)
     3    0.01    0.32    0.44    5.36 v _46786_/Y (sky130_fd_sc_hd__nand3_1)
                                         _03291_ (net)
                  0.32    0.00    5.36 v _46787_/B1_N (sky130_fd_sc_hd__a21bo_1)
     2    0.02    0.21    0.57    5.93 ^ _46787_/X (sky130_fd_sc_hd__a21bo_1)
                                         _03292_ (net)
                  0.21    0.00    5.93 ^ _46790_/B1 (sky130_fd_sc_hd__a21o_1)
     2    0.02    0.31    0.38    6.30 ^ _46790_/X (sky130_fd_sc_hd__a21o_1)
                                         _03295_ (net)
                  0.31    0.00    6.30 ^ _46791_/C (sky130_fd_sc_hd__nand3_4)
     5    0.11    0.74    0.70    7.00 v _46791_/Y (sky130_fd_sc_hd__nand3_4)
                                         _03296_ (net)
                  0.74    0.00    7.00 v _46793_/A1 (sky130_fd_sc_hd__a211oi_4)
     4    0.10    1.65    1.67    8.68 ^ _46793_/Y (sky130_fd_sc_hd__a211oi_4)
                                         _03298_ (net)
                  1.65    0.00    8.68 ^ _46818_/B1 (sky130_fd_sc_hd__a21oi_4)
     2    0.07    0.43    0.65    9.33 v _46818_/Y (sky130_fd_sc_hd__a21oi_4)
                                         _03323_ (net)
                  0.43    0.00    9.34 v _46819_/C (sky130_fd_sc_hd__or3_1)
     3    0.01    0.19    0.93   10.26 v _46819_/X (sky130_fd_sc_hd__or3_1)
                                         _03324_ (net)
                  0.19    0.00   10.26 v _46903_/A1 (sky130_fd_sc_hd__a21o_1)
     2    0.00    0.08    0.35   10.62 v _46903_/X (sky130_fd_sc_hd__a21o_1)
                                         _03408_ (net)
                  0.08    0.00   10.62 v _46904_/C (sky130_fd_sc_hd__and3_1)
     3    0.01    0.13    0.42   11.04 v _46904_/X (sky130_fd_sc_hd__and3_1)
                                         _03409_ (net)
                  0.13    0.00   11.04 v _46954_/A (sky130_fd_sc_hd__nor3b_1)
     3    0.01    0.65    0.63   11.68 ^ _46954_/Y (sky130_fd_sc_hd__nor3b_1)
                                         _03459_ (net)
                  0.65    0.00   11.68 ^ _46957_/B (sky130_fd_sc_hd__nor3_2)
     3    0.01    0.17    0.32   12.00 v _46957_/Y (sky130_fd_sc_hd__nor3_2)
                                         _03462_ (net)
                  0.17    0.00   12.00 v _46989_/C1 (sky130_fd_sc_hd__a211oi_4)
     4    0.02    0.47    0.47   12.47 ^ _46989_/Y (sky130_fd_sc_hd__a211oi_4)
                                         _03494_ (net)
                  0.47    0.00   12.47 ^ _47052_/A (sky130_fd_sc_hd__or3_1)
     3    0.01    0.17    0.41   12.88 ^ _47052_/X (sky130_fd_sc_hd__or3_1)
                                         _03557_ (net)
                  0.17    0.00   12.88 ^ _47053_/B1_N (sky130_fd_sc_hd__a21bo_4)
     3    0.02    0.09    0.49   13.37 v _47053_/X (sky130_fd_sc_hd__a21bo_4)
                                         _03558_ (net)
                  0.09    0.00   13.37 v _47056_/A2 (sky130_fd_sc_hd__a211o_1)
     2    0.01    0.12    0.59   13.97 v _47056_/X (sky130_fd_sc_hd__a211o_1)
                                         _03561_ (net)
                  0.12    0.00   13.97 v _47058_/A3 (sky130_fd_sc_hd__a31o_1)
     2    0.01    0.15    0.50   14.47 v _47058_/X (sky130_fd_sc_hd__a31o_1)
                                         _03563_ (net)
                  0.15    0.00   14.47 v _47066_/A1 (sky130_fd_sc_hd__a21o_1)
     2    0.01    0.14    0.40   14.87 v _47066_/X (sky130_fd_sc_hd__a21o_1)
                                         _03571_ (net)
                  0.14    0.00   14.87 v _47071_/A1 (sky130_fd_sc_hd__a21o_1)
     2    0.03    0.26    0.49   15.36 v _47071_/X (sky130_fd_sc_hd__a21o_1)
                                         _03576_ (net)
                  0.26    0.00   15.36 v _47073_/A2 (sky130_fd_sc_hd__a21o_4)
     2    0.04    0.12    0.55   15.91 v _47073_/X (sky130_fd_sc_hd__a21o_4)
                                         _03578_ (net)
                  0.12    0.00   15.91 v _47217_/B (sky130_fd_sc_hd__xnor2_4)
     3    0.05    0.58    0.54   16.45 ^ _47217_/Y (sky130_fd_sc_hd__xnor2_4)
                                         _03722_ (net)
                  0.58    0.01   16.45 ^ _47283_/B (sky130_fd_sc_hd__xnor2_1)
     2    0.01    0.16    0.32   16.78 v _47283_/Y (sky130_fd_sc_hd__xnor2_1)
                                         _03788_ (net)
                  0.16    0.00   16.78 v _47284_/C1 (sky130_fd_sc_hd__a311o_1)
     3    0.01    0.16    0.62   17.40 v _47284_/X (sky130_fd_sc_hd__a311o_1)
                                         _03789_ (net)
                  0.16    0.00   17.40 v _47423_/B (sky130_fd_sc_hd__and3_1)
     1    0.00    0.07    0.37   17.77 v _47423_/X (sky130_fd_sc_hd__and3_1)
                                         _03927_ (net)
                  0.07    0.00   17.77 v _47425_/A (sky130_fd_sc_hd__or2_1)
     1    0.00    0.10    0.50   18.27 v _47425_/X (sky130_fd_sc_hd__or2_1)
                                         _03929_ (net)
                  0.10    0.00   18.27 v _47426_/A (sky130_fd_sc_hd__clkbuf_1)
     1    0.00    0.05    0.17   18.44 v _47426_/X (sky130_fd_sc_hd__clkbuf_1)
                                         _00418_ (net)
                  0.05    0.00   18.44 v _52128_/D (sky130_fd_sc_hd__dfrtp_2)
                                 18.44   data arrival time

                         10.00   10.00   clock core_clock (rise edge)
                          0.00   10.00   clock source latency
     2    0.12    0.00    0.00   10.00 ^ clk (in)
                                         clk (net)
                  0.01    0.01   10.01 ^ clkbuf_0_clk/A (sky130_fd_sc_hd__clkbuf_16)
     6    0.11    0.19    0.30   10.31 ^ clkbuf_0_clk/X (sky130_fd_sc_hd__clkbuf_16)
                                         clknet_0_clk (net)
                  0.19    0.00   10.31 ^ clkbuf_2_1_0_clk/A (sky130_fd_sc_hd__clkbuf_8)
     6    0.10    0.29    0.44   10.75 ^ clkbuf_2_1_0_clk/X (sky130_fd_sc_hd__clkbuf_8)
                                         clknet_2_1_0_clk (net)
                  0.29    0.01   10.76 ^ clkbuf_4_6_0_clk/A (sky130_fd_sc_hd__clkbuf_8)
    12    0.19    0.49    0.64   11.40 ^ clkbuf_4_6_0_clk/X (sky130_fd_sc_hd__clkbuf_8)
                                         clknet_4_6_0_clk (net)
                  0.49    0.01   11.41 ^ clkbuf_leaf_40_clk/A (sky130_fd_sc_hd__clkbuf_8)
     5    0.02    0.08    0.41   11.82 ^ clkbuf_leaf_40_clk/X (sky130_fd_sc_hd__clkbuf_8)
                                         clknet_leaf_40_clk (net)
                  0.08    0.00   11.82 ^ _52128_/CLK (sky130_fd_sc_hd__dfrtp_2)
                          0.00   11.82   clock reconvergence pessimism
                         -0.27   11.56   library setup time
                                 11.56   data required time
-----------------------------------------------------------------------------
                                 11.56   data required time
                                -18.44   data arrival time
-----------------------------------------------------------------------------
                                 -6.88   slack (VIOLATED)



======================= Typical Corner ===================================

No paths found.


===========================================================================
 report_check_types -max_slew -max_cap -max_fanout -violators
============================================================================
======================= Fastest Corner ===================================


max slew violations count Fastest: 0
max fanout violations count Fastest: 0
max cap violations count Fastest: 0
======================= Slowest Corner ===================================

max slew

Pin                                    Limit    Slew   Slack
------------------------------------------------------------
INSDIODE1_2311/DIODE                    1.50    2.03   -0.53 (VIOLATED)
INSDIODE1_7606/DIODE                    1.50    2.03   -0.53 (VIOLATED)
INSDIODE1_4303/DIODE                    1.50    2.03   -0.53 (VIOLATED)
INSDIODE1_7613/DIODE                    1.50    2.03   -0.53 (VIOLATED)
INSDIODE1_4300/DIODE                    1.50    2.03   -0.53 (VIOLATED)
INSDIODE1_2308/DIODE                    1.50    2.03   -0.53 (VIOLATED)
INSDIODE1_7612/DIODE                    1.50    2.03   -0.53 (VIOLATED)
INSDIODE1_4299/DIODE                    1.50    2.03   -0.53 (VIOLATED)
_35557_/A0                              1.50    2.03   -0.53 (VIOLATED)
INSDIODE1_2310/DIODE                    1.50    2.03   -0.53 (VIOLATED)
INSDIODE1_7605/DIODE                    1.50    2.03   -0.53 (VIOLATED)
INSDIODE1_7602/DIODE                    1.50    2.03   -0.53 (VIOLATED)
INSDIODE1_7607/DIODE                    1.50    2.03   -0.53 (VIOLATED)
INSDIODE1_2312/DIODE                    1.50    2.03   -0.53 (VIOLATED)
INSDIODE1_4304/DIODE                    1.50    2.03   -0.53 (VIOLATED)
INSDIODE1_4301/DIODE                    1.50    2.03   -0.53 (VIOLATED)
INSDIODE1_7614/DIODE                    1.50    2.03   -0.53 (VIOLATED)
INSDIODE1_7616/DIODE                    1.50    2.03   -0.53 (VIOLATED)
INSDIODE1_7615/DIODE                    1.50    2.03   -0.53 (VIOLATED)
INSDIODE1_2309/DIODE                    1.50    2.03   -0.53 (VIOLATED)
INSDIODE1_4302/DIODE                    1.50    2.03   -0.53 (VIOLATED)
INSDIODE1_7604/DIODE                    1.50    2.03   -0.53 (VIOLATED)
INSDIODE1_7608/DIODE                    1.50    2.03   -0.53 (VIOLATED)
INSDIODE1_7619/DIODE                    1.50    2.03   -0.53 (VIOLATED)
INSDIODE1_2315/DIODE                    1.50    2.03   -0.53 (VIOLATED)
INSDIODE1_2317/DIODE                    1.50    2.03   -0.53 (VIOLATED)
INSDIODE1_7611/DIODE                    1.50    2.03   -0.53 (VIOLATED)
INSDIODE1_4306/DIODE                    1.50    2.03   -0.53 (VIOLATED)
INSDIODE1_2313/DIODE                    1.50    2.03   -0.53 (VIOLATED)
INSDIODE1_7618/DIODE                    1.50    2.03   -0.53 (VIOLATED)
INSDIODE1_4307/DIODE                    1.50    2.03   -0.53 (VIOLATED)
INSDIODE1_4308/DIODE                    1.50    2.03   -0.53 (VIOLATED)
INSDIODE1_2316/DIODE                    1.50    2.03   -0.53 (VIOLATED)
INSDIODE1_4305/DIODE                    1.50    2.03   -0.53 (VIOLATED)
INSDIODE1_7617/DIODE                    1.50    2.03   -0.53 (VIOLATED)
INSDIODE1_7610/DIODE                    1.50    2.03   -0.53 (VIOLATED)
INSDIODE1_7620/DIODE                    1.50    2.03   -0.53 (VIOLATED)
INSDIODE1_4309/DIODE                    1.50    2.03   -0.53 (VIOLATED)
INSDIODE1_2314/DIODE                    1.50    2.03   -0.53 (VIOLATED)
INSDIODE1_7609/DIODE                    1.50    2.03   -0.53 (VIOLATED)
INSDIODE1_7603/DIODE                    1.50    2.03   -0.53 (VIOLATED)
input369/X                              1.51    2.03   -0.52 (VIOLATED)
INSDIODE1_6810/DIODE                    1.50    1.96   -0.46 (VIOLATED)
INSDIODE1_4251/DIODE                    1.50    1.96   -0.46 (VIOLATED)
INSDIODE1_5182/DIODE                    1.50    1.96   -0.46 (VIOLATED)
INSDIODE1_6812/DIODE                    1.50    1.96   -0.46 (VIOLATED)
INSDIODE1_5184/DIODE                    1.50    1.96   -0.46 (VIOLATED)
INSDIODE1_6796/DIODE                    1.50    1.96   -0.46 (VIOLATED)
INSDIODE1_6808/DIODE                    1.50    1.96   -0.46 (VIOLATED)
INSDIODE1_6798/DIODE                    1.50    1.96   -0.46 (VIOLATED)
INSDIODE1_5186/DIODE                    1.50    1.96   -0.46 (VIOLATED)
INSDIODE1_6800/DIODE                    1.50    1.96   -0.46 (VIOLATED)
INSDIODE1_4253/DIODE                    1.50    1.96   -0.46 (VIOLATED)
INSDIODE1_6797/DIODE                    1.50    1.96   -0.46 (VIOLATED)
INSDIODE1_5185/DIODE                    1.50    1.96   -0.46 (VIOLATED)
INSDIODE1_4252/DIODE                    1.50    1.96   -0.46 (VIOLATED)
INSDIODE1_4255/DIODE                    1.50    1.96   -0.46 (VIOLATED)
INSDIODE1_5188/DIODE                    1.50    1.96   -0.46 (VIOLATED)
INSDIODE1_5189/DIODE                    1.50    1.96   -0.46 (VIOLATED)
INSDIODE1_6801/DIODE                    1.50    1.96   -0.46 (VIOLATED)
INSDIODE1_6815/DIODE                    1.50    1.96   -0.46 (VIOLATED)
INSDIODE1_6811/DIODE                    1.50    1.96   -0.46 (VIOLATED)
INSDIODE1_6814/DIODE                    1.50    1.96   -0.46 (VIOLATED)
INSDIODE1_6799/DIODE                    1.50    1.96   -0.46 (VIOLATED)
INSDIODE1_4256/DIODE                    1.50    1.96   -0.46 (VIOLATED)
INSDIODE1_4254/DIODE                    1.50    1.96   -0.46 (VIOLATED)
INSDIODE1_5187/DIODE                    1.50    1.96   -0.46 (VIOLATED)
INSDIODE1_6813/DIODE                    1.50    1.96   -0.46 (VIOLATED)
INSDIODE1_6794/DIODE                    1.50    1.96   -0.46 (VIOLATED)
_35537_/A0                              1.50    1.96   -0.46 (VIOLATED)
INSDIODE1_6809/DIODE                    1.50    1.96   -0.46 (VIOLATED)
INSDIODE1_5191/DIODE                    1.50    1.96   -0.46 (VIOLATED)
INSDIODE1_6817/DIODE                    1.50    1.96   -0.46 (VIOLATED)
INSDIODE1_4257/DIODE                    1.50    1.96   -0.46 (VIOLATED)
INSDIODE1_6804/DIODE                    1.50    1.96   -0.46 (VIOLATED)
INSDIODE1_6816/DIODE                    1.50    1.96   -0.46 (VIOLATED)
INSDIODE1_6802/DIODE                    1.50    1.96   -0.46 (VIOLATED)
INSDIODE1_5183/DIODE                    1.50    1.96   -0.46 (VIOLATED)
INSDIODE1_5190/DIODE                    1.50    1.96   -0.46 (VIOLATED)
INSDIODE1_4259/DIODE                    1.50    1.96   -0.46 (VIOLATED)
INSDIODE1_4262/DIODE                    1.50    1.96   -0.46 (VIOLATED)
INSDIODE1_6806/DIODE                    1.50    1.96   -0.46 (VIOLATED)
INSDIODE1_6795/DIODE                    1.50    1.96   -0.46 (VIOLATED)
INSDIODE1_6820/DIODE                    1.50    1.96   -0.46 (VIOLATED)
INSDIODE1_4261/DIODE                    1.50    1.96   -0.46 (VIOLATED)
INSDIODE1_6807/DIODE                    1.50    1.96   -0.46 (VIOLATED)
INSDIODE1_6805/DIODE                    1.50    1.96   -0.46 (VIOLATED)
INSDIODE1_4260/DIODE                    1.50    1.96   -0.46 (VIOLATED)
INSDIODE1_5194/DIODE                    1.50    1.96   -0.46 (VIOLATED)
INSDIODE1_5193/DIODE                    1.50    1.96   -0.46 (VIOLATED)
INSDIODE1_6819/DIODE                    1.50    1.96   -0.46 (VIOLATED)
INSDIODE1_6821/DIODE                    1.50    1.96   -0.46 (VIOLATED)
INSDIODE1_5195/DIODE                    1.50    1.96   -0.46 (VIOLATED)
INSDIODE1_5192/DIODE                    1.50    1.96   -0.46 (VIOLATED)
INSDIODE1_6818/DIODE                    1.50    1.96   -0.46 (VIOLATED)
INSDIODE1_4258/DIODE                    1.50    1.96   -0.46 (VIOLATED)
INSDIODE1_6803/DIODE                    1.50    1.96   -0.46 (VIOLATED)
input361/X                              1.51    1.96   -0.45 (VIOLATED)
INSDIODE1_2435/DIODE                    1.50    1.95   -0.45 (VIOLATED)
INSDIODE1_5254/DIODE                    1.50    1.95   -0.45 (VIOLATED)
INSDIODE1_7035/DIODE                    1.50    1.95   -0.45 (VIOLATED)
INSDIODE1_7034/DIODE                    1.50    1.95   -0.45 (VIOLATED)
INSDIODE1_2434/DIODE                    1.50    1.95   -0.45 (VIOLATED)
INSDIODE1_5252/DIODE                    1.50    1.95   -0.45 (VIOLATED)
INSDIODE1_5253/DIODE                    1.50    1.95   -0.45 (VIOLATED)
INSDIODE1_7045/DIODE                    1.50    1.95   -0.45 (VIOLATED)
INSDIODE1_7046/DIODE                    1.50    1.95   -0.45 (VIOLATED)
INSDIODE1_7036/DIODE                    1.50    1.95   -0.45 (VIOLATED)
INSDIODE1_2436/DIODE                    1.50    1.95   -0.45 (VIOLATED)
INSDIODE1_5250/DIODE                    1.50    1.95   -0.45 (VIOLATED)
INSDIODE1_7044/DIODE                    1.50    1.95   -0.45 (VIOLATED)
INSDIODE1_7038/DIODE                    1.50    1.95   -0.45 (VIOLATED)
INSDIODE1_2438/DIODE                    1.50    1.95   -0.45 (VIOLATED)
INSDIODE1_5256/DIODE                    1.50    1.95   -0.45 (VIOLATED)
INSDIODE1_7048/DIODE                    1.50    1.95   -0.45 (VIOLATED)
INSDIODE1_7032/DIODE                    1.50    1.95   -0.45 (VIOLATED)
_35605_/A0                              1.50    1.95   -0.45 (VIOLATED)
INSDIODE1_2437/DIODE                    1.50    1.95   -0.45 (VIOLATED)
INSDIODE1_7037/DIODE                    1.50    1.95   -0.45 (VIOLATED)
INSDIODE1_5255/DIODE                    1.50    1.95   -0.45 (VIOLATED)
INSDIODE1_7047/DIODE                    1.50    1.95   -0.45 (VIOLATED)
INSDIODE1_7052/DIODE                    1.50    1.94   -0.44 (VIOLATED)
INSDIODE1_5260/DIODE                    1.50    1.94   -0.44 (VIOLATED)
INSDIODE1_7042/DIODE                    1.50    1.94   -0.44 (VIOLATED)
INSDIODE1_2442/DIODE                    1.50    1.94   -0.44 (VIOLATED)
INSDIODE1_7050/DIODE                    1.50    1.94   -0.44 (VIOLATED)
INSDIODE1_5258/DIODE                    1.50    1.94   -0.44 (VIOLATED)
INSDIODE1_7041/DIODE                    1.50    1.94   -0.44 (VIOLATED)
INSDIODE1_7043/DIODE                    1.50    1.94   -0.44 (VIOLATED)
INSDIODE1_2441/DIODE                    1.50    1.94   -0.44 (VIOLATED)
INSDIODE1_2443/DIODE                    1.50    1.94   -0.44 (VIOLATED)
INSDIODE1_7033/DIODE                    1.50    1.94   -0.44 (VIOLATED)
INSDIODE1_5251/DIODE                    1.50    1.94   -0.44 (VIOLATED)
INSDIODE1_7051/DIODE                    1.50    1.94   -0.44 (VIOLATED)
INSDIODE1_7049/DIODE                    1.50    1.94   -0.44 (VIOLATED)
INSDIODE1_5257/DIODE                    1.50    1.94   -0.44 (VIOLATED)
INSDIODE1_7040/DIODE                    1.50    1.94   -0.44 (VIOLATED)
INSDIODE1_2439/DIODE                    1.50    1.94   -0.44 (VIOLATED)
INSDIODE1_7039/DIODE                    1.50    1.94   -0.44 (VIOLATED)
INSDIODE1_5259/DIODE                    1.50    1.94   -0.44 (VIOLATED)
INSDIODE1_2440/DIODE                    1.50    1.94   -0.44 (VIOLATED)
INSDIODE1_5261/DIODE                    1.50    1.94   -0.44 (VIOLATED)
INSDIODE1_7053/DIODE                    1.50    1.94   -0.44 (VIOLATED)
input385/X                              1.51    1.94   -0.43 (VIOLATED)
INSDIODE1_5712/DIODE                    1.50    1.85   -0.35 (VIOLATED)
INSDIODE1_5713/DIODE                    1.50    1.85   -0.35 (VIOLATED)
INSDIODE1_7735/DIODE                    1.50    1.85   -0.35 (VIOLATED)
INSDIODE1_5710/DIODE                    1.50    1.85   -0.35 (VIOLATED)
INSDIODE1_5708/DIODE                    1.50    1.85   -0.35 (VIOLATED)
INSDIODE1_7733/DIODE                    1.50    1.85   -0.35 (VIOLATED)
INSDIODE1_4266/DIODE                    1.50    1.85   -0.35 (VIOLATED)
INSDIODE1_4265/DIODE                    1.50    1.85   -0.35 (VIOLATED)
INSDIODE1_4263/DIODE                    1.50    1.85   -0.35 (VIOLATED)
INSDIODE1_5711/DIODE                    1.50    1.85   -0.35 (VIOLATED)
INSDIODE1_7736/DIODE                    1.50    1.85   -0.35 (VIOLATED)
INSDIODE1_4264/DIODE                    1.50    1.85   -0.35 (VIOLATED)
INSDIODE1_7726/DIODE                    1.50    1.85   -0.35 (VIOLATED)
INSDIODE1_5714/DIODE                    1.50    1.85   -0.35 (VIOLATED)
INSDIODE1_7737/DIODE                    1.50    1.85   -0.35 (VIOLATED)
INSDIODE1_4267/DIODE                    1.50    1.85   -0.35 (VIOLATED)
INSDIODE1_7727/DIODE                    1.50    1.85   -0.35 (VIOLATED)
_35541_/A0                              1.50    1.85   -0.35 (VIOLATED)
INSDIODE1_7724/DIODE                    1.50    1.85   -0.35 (VIOLATED)
INSDIODE1_5709/DIODE                    1.50    1.85   -0.35 (VIOLATED)
INSDIODE1_5719/DIODE                    1.50    1.85   -0.35 (VIOLATED)
INSDIODE1_7734/DIODE                    1.50    1.85   -0.35 (VIOLATED)
INSDIODE1_7742/DIODE                    1.50    1.85   -0.35 (VIOLATED)
INSDIODE1_4269/DIODE                    1.50    1.85   -0.35 (VIOLATED)
INSDIODE1_7729/DIODE                    1.50    1.85   -0.35 (VIOLATED)
INSDIODE1_4270/DIODE                    1.50    1.85   -0.35 (VIOLATED)
INSDIODE1_7730/DIODE                    1.50    1.85   -0.35 (VIOLATED)
INSDIODE1_4271/DIODE                    1.50    1.85   -0.35 (VIOLATED)
INSDIODE1_4272/DIODE                    1.50    1.85   -0.35 (VIOLATED)
INSDIODE1_7731/DIODE                    1.50    1.85   -0.35 (VIOLATED)
INSDIODE1_7741/DIODE                    1.50    1.85   -0.35 (VIOLATED)
INSDIODE1_7732/DIODE                    1.50    1.85   -0.35 (VIOLATED)
INSDIODE1_5718/DIODE                    1.50    1.85   -0.35 (VIOLATED)
INSDIODE1_5717/DIODE                    1.50    1.85   -0.35 (VIOLATED)
INSDIODE1_7740/DIODE                    1.50    1.85   -0.35 (VIOLATED)
INSDIODE1_7739/DIODE                    1.50    1.85   -0.35 (VIOLATED)
INSDIODE1_5716/DIODE                    1.50    1.85   -0.35 (VIOLATED)
INSDIODE1_4268/DIODE                    1.50    1.85   -0.35 (VIOLATED)
INSDIODE1_7728/DIODE                    1.50    1.85   -0.35 (VIOLATED)
INSDIODE1_5715/DIODE                    1.50    1.85   -0.35 (VIOLATED)
INSDIODE1_7738/DIODE                    1.50    1.85   -0.35 (VIOLATED)
INSDIODE1_7725/DIODE                    1.50    1.85   -0.35 (VIOLATED)
input362/X                              1.50    1.85   -0.34 (VIOLATED)
INSDIODE1_2289/DIODE                    1.50    1.84   -0.34 (VIOLATED)
INSDIODE1_6067/DIODE                    1.50    1.84   -0.34 (VIOLATED)
INSDIODE1_6074/DIODE                    1.50    1.84   -0.34 (VIOLATED)
INSDIODE1_2288/DIODE                    1.50    1.84   -0.34 (VIOLATED)
INSDIODE1_6069/DIODE                    1.50    1.84   -0.34 (VIOLATED)
INSDIODE1_2284/DIODE                    1.50    1.84   -0.34 (VIOLATED)
INSDIODE1_2283/DIODE                    1.50    1.84   -0.34 (VIOLATED)
INSDIODE1_2282/DIODE                    1.50    1.84   -0.34 (VIOLATED)
INSDIODE1_6070/DIODE                    1.50    1.84   -0.34 (VIOLATED)
INSDIODE1_6071/DIODE                    1.50    1.84   -0.34 (VIOLATED)
INSDIODE1_6072/DIODE                    1.50    1.84   -0.34 (VIOLATED)
INSDIODE1_2287/DIODE                    1.50    1.84   -0.34 (VIOLATED)
INSDIODE1_6073/DIODE                    1.50    1.84   -0.34 (VIOLATED)
INSDIODE1_2286/DIODE                    1.50    1.84   -0.34 (VIOLATED)
INSDIODE1_2285/DIODE                    1.50    1.84   -0.34 (VIOLATED)
_35551_/A0                              1.50    1.84   -0.34 (VIOLATED)
INSDIODE1_6075/DIODE                    1.50    1.84   -0.34 (VIOLATED)
INSDIODE1_6068/DIODE                    1.50    1.84   -0.34 (VIOLATED)
INSDIODE1_6078/DIODE                    1.50    1.84   -0.34 (VIOLATED)
INSDIODE1_6080/DIODE                    1.50    1.84   -0.34 (VIOLATED)
INSDIODE1_2290/DIODE                    1.50    1.84   -0.34 (VIOLATED)
INSDIODE1_2296/DIODE                    1.50    1.84   -0.34 (VIOLATED)
INSDIODE1_6081/DIODE                    1.50    1.84   -0.34 (VIOLATED)
INSDIODE1_2293/DIODE                    1.50    1.84   -0.34 (VIOLATED)
INSDIODE1_2297/DIODE                    1.50    1.84   -0.34 (VIOLATED)
INSDIODE1_2295/DIODE                    1.50    1.84   -0.34 (VIOLATED)
INSDIODE1_2294/DIODE                    1.50    1.84   -0.34 (VIOLATED)
INSDIODE1_6079/DIODE                    1.50    1.84   -0.34 (VIOLATED)
INSDIODE1_2291/DIODE                    1.50    1.84   -0.34 (VIOLATED)
INSDIODE1_2292/DIODE                    1.50    1.84   -0.34 (VIOLATED)
INSDIODE1_6076/DIODE                    1.50    1.84   -0.34 (VIOLATED)
INSDIODE1_6077/DIODE                    1.50    1.84   -0.34 (VIOLATED)
input365/X                              1.51    1.84   -0.33 (VIOLATED)
_45442_/A1                              1.50    1.75   -0.25 (VIOLATED)
INSDIODE1_3389/DIODE                    1.50    1.75   -0.25 (VIOLATED)
_45421_/A                               1.50    1.75   -0.25 (VIOLATED)
INSDIODE1_3388/DIODE                    1.50    1.74   -0.24 (VIOLATED)
_45341_/C                               1.50    1.74   -0.24 (VIOLATED)
rebuffer136/A                           1.50    1.74   -0.24 (VIOLATED)
_45340_/Y                               1.50    1.74   -0.24 (VIOLATED)
INSDIODE1_6041/DIODE                    1.50    1.74   -0.24 (VIOLATED)
INSDIODE1_7715/DIODE                    1.50    1.74   -0.24 (VIOLATED)
INSDIODE1_6042/DIODE                    1.50    1.74   -0.24 (VIOLATED)
INSDIODE1_7704/DIODE                    1.50    1.74   -0.24 (VIOLATED)
INSDIODE1_4244/DIODE                    1.50    1.74   -0.24 (VIOLATED)
INSDIODE1_7716/DIODE                    1.50    1.74   -0.24 (VIOLATED)
INSDIODE1_7703/DIODE                    1.50    1.74   -0.24 (VIOLATED)
INSDIODE1_4242/DIODE                    1.50    1.74   -0.24 (VIOLATED)
INSDIODE1_7702/DIODE                    1.50    1.74   -0.24 (VIOLATED)
INSDIODE1_4243/DIODE                    1.50    1.74   -0.24 (VIOLATED)
INSDIODE1_7714/DIODE                    1.50    1.74   -0.24 (VIOLATED)
INSDIODE1_6040/DIODE                    1.50    1.74   -0.24 (VIOLATED)
INSDIODE1_6039/DIODE                    1.50    1.74   -0.24 (VIOLATED)
INSDIODE1_7713/DIODE                    1.50    1.74   -0.24 (VIOLATED)
INSDIODE1_7701/DIODE                    1.50    1.74   -0.24 (VIOLATED)
INSDIODE1_4241/DIODE                    1.50    1.74   -0.24 (VIOLATED)
INSDIODE1_7711/DIODE                    1.50    1.74   -0.24 (VIOLATED)
INSDIODE1_6037/DIODE                    1.50    1.74   -0.24 (VIOLATED)
INSDIODE1_7717/DIODE                    1.50    1.74   -0.24 (VIOLATED)
INSDIODE1_6043/DIODE                    1.50    1.74   -0.24 (VIOLATED)
_35531_/A0                              1.50    1.74   -0.24 (VIOLATED)
INSDIODE1_7699/DIODE                    1.50    1.74   -0.24 (VIOLATED)
INSDIODE1_7158/DIODE                    1.50    1.74   -0.24 (VIOLATED)
INSDIODE1_7723/DIODE                    1.50    1.74   -0.24 (VIOLATED)
INSDIODE1_4245/DIODE                    1.50    1.74   -0.24 (VIOLATED)
INSDIODE1_7705/DIODE                    1.50    1.74   -0.24 (VIOLATED)
INSDIODE1_4250/DIODE                    1.50    1.73   -0.23 (VIOLATED)
INSDIODE1_7710/DIODE                    1.50    1.73   -0.23 (VIOLATED)
INSDIODE1_6048/DIODE                    1.50    1.73   -0.23 (VIOLATED)
INSDIODE1_7722/DIODE                    1.50    1.73   -0.23 (VIOLATED)
INSDIODE1_6038/DIODE                    1.50    1.73   -0.23 (VIOLATED)
INSDIODE1_7712/DIODE                    1.50    1.73   -0.23 (VIOLATED)
INSDIODE1_7709/DIODE                    1.50    1.73   -0.23 (VIOLATED)
INSDIODE1_4249/DIODE                    1.50    1.73   -0.23 (VIOLATED)
INSDIODE1_6047/DIODE                    1.50    1.73   -0.23 (VIOLATED)
INSDIODE1_7721/DIODE                    1.50    1.73   -0.23 (VIOLATED)
INSDIODE1_4247/DIODE                    1.50    1.73   -0.23 (VIOLATED)
INSDIODE1_7707/DIODE                    1.50    1.73   -0.23 (VIOLATED)
INSDIODE1_6045/DIODE                    1.50    1.73   -0.23 (VIOLATED)
INSDIODE1_7719/DIODE                    1.50    1.73   -0.23 (VIOLATED)
INSDIODE1_4246/DIODE                    1.50    1.73   -0.23 (VIOLATED)
INSDIODE1_7706/DIODE                    1.50    1.73   -0.23 (VIOLATED)
INSDIODE1_6044/DIODE                    1.50    1.73   -0.23 (VIOLATED)
INSDIODE1_7718/DIODE                    1.50    1.73   -0.23 (VIOLATED)
INSDIODE1_7708/DIODE                    1.50    1.73   -0.23 (VIOLATED)
INSDIODE1_4248/DIODE                    1.50    1.73   -0.23 (VIOLATED)
INSDIODE1_6046/DIODE                    1.50    1.73   -0.23 (VIOLATED)
INSDIODE1_7720/DIODE                    1.50    1.73   -0.23 (VIOLATED)
INSDIODE1_7700/DIODE                    1.50    1.73   -0.23 (VIOLATED)
input359/X                              1.51    1.73   -0.22 (VIOLATED)
INSDIODE1_6979/DIODE                    1.50    1.67   -0.17 (VIOLATED)
INSDIODE1_6049/DIODE                    1.50    1.67   -0.17 (VIOLATED)
INSDIODE1_6051/DIODE                    1.50    1.67   -0.17 (VIOLATED)
INSDIODE1_6981/DIODE                    1.50    1.67   -0.17 (VIOLATED)
INSDIODE1_6980/DIODE                    1.50    1.67   -0.17 (VIOLATED)
INSDIODE1_6050/DIODE                    1.50    1.67   -0.17 (VIOLATED)
INSDIODE1_6989/DIODE                    1.50    1.67   -0.17 (VIOLATED)
INSDIODE1_6973/DIODE                    1.50    1.67   -0.17 (VIOLATED)
INSDIODE1_6975/DIODE                    1.50    1.67   -0.17 (VIOLATED)
INSDIODE1_6985/DIODE                    1.50    1.67   -0.17 (VIOLATED)
INSDIODE1_6055/DIODE                    1.50    1.67   -0.17 (VIOLATED)
INSDIODE1_2278/DIODE                    1.50    1.67   -0.17 (VIOLATED)
INSDIODE1_6056/DIODE                    1.50    1.67   -0.17 (VIOLATED)
INSDIODE1_6987/DIODE                    1.50    1.67   -0.17 (VIOLATED)
INSDIODE1_6986/DIODE                    1.50    1.67   -0.17 (VIOLATED)
INSDIODE1_6059/DIODE                    1.50    1.67   -0.17 (VIOLATED)
INSDIODE1_6990/DIODE                    1.50    1.67   -0.17 (VIOLATED)
INSDIODE1_6060/DIODE                    1.50    1.67   -0.17 (VIOLATED)
INSDIODE1_6057/DIODE                    1.50    1.67   -0.17 (VIOLATED)
INSDIODE1_6988/DIODE                    1.50    1.67   -0.17 (VIOLATED)
INSDIODE1_6058/DIODE                    1.50    1.67   -0.17 (VIOLATED)
INSDIODE1_2279/DIODE                    1.50    1.67   -0.17 (VIOLATED)
_35548_/A0                              1.50    1.67   -0.17 (VIOLATED)
INSDIODE1_6976/DIODE                    1.50    1.67   -0.17 (VIOLATED)
INSDIODE1_6052/DIODE                    1.50    1.67   -0.17 (VIOLATED)
INSDIODE1_6054/DIODE                    1.50    1.67   -0.17 (VIOLATED)
INSDIODE1_6984/DIODE                    1.50    1.67   -0.17 (VIOLATED)
INSDIODE1_6982/DIODE                    1.50    1.67   -0.17 (VIOLATED)
INSDIODE1_6053/DIODE                    1.50    1.67   -0.17 (VIOLATED)
INSDIODE1_6983/DIODE                    1.50    1.67   -0.17 (VIOLATED)
INSDIODE1_6066/DIODE                    1.50    1.67   -0.17 (VIOLATED)
INSDIODE1_6996/DIODE                    1.50    1.67   -0.17 (VIOLATED)
INSDIODE1_6974/DIODE                    1.50    1.67   -0.17 (VIOLATED)
INSDIODE1_6063/DIODE                    1.50    1.67   -0.17 (VIOLATED)
INSDIODE1_6065/DIODE                    1.50    1.67   -0.17 (VIOLATED)
INSDIODE1_6993/DIODE                    1.50    1.67   -0.17 (VIOLATED)
INSDIODE1_6995/DIODE                    1.50    1.67   -0.17 (VIOLATED)
INSDIODE1_6994/DIODE                    1.50    1.67   -0.17 (VIOLATED)
INSDIODE1_2281/DIODE                    1.50    1.67   -0.17 (VIOLATED)
INSDIODE1_6978/DIODE                    1.50    1.67   -0.17 (VIOLATED)
INSDIODE1_6992/DIODE                    1.50    1.67   -0.17 (VIOLATED)
INSDIODE1_6062/DIODE                    1.50    1.67   -0.17 (VIOLATED)
INSDIODE1_6064/DIODE                    1.50    1.67   -0.17 (VIOLATED)
INSDIODE1_6991/DIODE                    1.50    1.67   -0.17 (VIOLATED)
INSDIODE1_6061/DIODE                    1.50    1.67   -0.17 (VIOLATED)
INSDIODE1_2280/DIODE                    1.50    1.67   -0.17 (VIOLATED)
INSDIODE1_6977/DIODE                    1.50    1.67   -0.17 (VIOLATED)
INSDIODE1_5738/DIODE                    1.50    1.66   -0.16 (VIOLATED)
INSDIODE1_5741/DIODE                    1.50    1.66   -0.16 (VIOLATED)
INSDIODE1_5231/DIODE                    1.50    1.66   -0.16 (VIOLATED)
INSDIODE1_2331/DIODE                    1.50    1.66   -0.16 (VIOLATED)
INSDIODE1_5228/DIODE                    1.50    1.66   -0.16 (VIOLATED)
INSDIODE1_5735/DIODE                    1.50    1.66   -0.16 (VIOLATED)
INSDIODE1_5732/DIODE                    1.50    1.66   -0.16 (VIOLATED)
_35573_/A0                              1.50    1.66   -0.16 (VIOLATED)
INSDIODE1_5734/DIODE                    1.50    1.66   -0.16 (VIOLATED)
INSDIODE1_5740/DIODE                    1.50    1.66   -0.16 (VIOLATED)
INSDIODE1_5230/DIODE                    1.50    1.66   -0.16 (VIOLATED)
INSDIODE1_2330/DIODE                    1.50    1.66   -0.16 (VIOLATED)
input364/X                              1.51    1.67   -0.16 (VIOLATED)
INSDIODE1_2332/DIODE                    1.50    1.66   -0.16 (VIOLATED)
INSDIODE1_5737/DIODE                    1.50    1.66   -0.16 (VIOLATED)
INSDIODE1_5743/DIODE                    1.50    1.66   -0.16 (VIOLATED)
INSDIODE1_5736/DIODE                    1.50    1.66   -0.16 (VIOLATED)
INSDIODE1_5733/DIODE                    1.50    1.66   -0.16 (VIOLATED)
INSDIODE1_5229/DIODE                    1.50    1.66   -0.16 (VIOLATED)
INSDIODE1_5232/DIODE                    1.50    1.66   -0.16 (VIOLATED)
INSDIODE1_5739/DIODE                    1.50    1.66   -0.16 (VIOLATED)
INSDIODE1_2333/DIODE                    1.50    1.66   -0.16 (VIOLATED)
INSDIODE1_5233/DIODE                    1.50    1.66   -0.16 (VIOLATED)
INSDIODE1_5742/DIODE                    1.50    1.66   -0.16 (VIOLATED)
INSDIODE1_7015/DIODE                    1.50    1.66   -0.16 (VIOLATED)
INSDIODE1_2418/DIODE                    1.50    1.66   -0.16 (VIOLATED)
INSDIODE1_7017/DIODE                    1.50    1.66   -0.16 (VIOLATED)
INSDIODE1_2420/DIODE                    1.50    1.66   -0.16 (VIOLATED)
INSDIODE1_7025/DIODE                    1.50    1.66   -0.16 (VIOLATED)
INSDIODE1_6605/DIODE                    1.50    1.66   -0.16 (VIOLATED)
INSDIODE1_7013/DIODE                    1.50    1.66   -0.16 (VIOLATED)
INSDIODE1_2419/DIODE                    1.50    1.66   -0.16 (VIOLATED)
INSDIODE1_7016/DIODE                    1.50    1.66   -0.16 (VIOLATED)
INSDIODE1_7028/DIODE                    1.50    1.66   -0.16 (VIOLATED)
INSDIODE1_2422/DIODE                    1.50    1.66   -0.16 (VIOLATED)
INSDIODE1_7019/DIODE                    1.50    1.66   -0.16 (VIOLATED)
INSDIODE1_7027/DIODE                    1.50    1.66   -0.16 (VIOLATED)
INSDIODE1_6607/DIODE                    1.50    1.66   -0.16 (VIOLATED)
INSDIODE1_2421/DIODE                    1.50    1.66   -0.16 (VIOLATED)
_35595_/A0                              1.50    1.66   -0.16 (VIOLATED)
INSDIODE1_6608/DIODE                    1.50    1.66   -0.16 (VIOLATED)
INSDIODE1_7018/DIODE                    1.50    1.66   -0.16 (VIOLATED)
INSDIODE1_6606/DIODE                    1.50    1.65   -0.15 (VIOLATED)
INSDIODE1_7026/DIODE                    1.50    1.65   -0.15 (VIOLATED)
INSDIODE1_2424/DIODE                    1.50    1.65   -0.15 (VIOLATED)
INSDIODE1_7021/DIODE                    1.50    1.65   -0.15 (VIOLATED)
INSDIODE1_7030/DIODE                    1.50    1.65   -0.15 (VIOLATED)
INSDIODE1_6610/DIODE                    1.50    1.65   -0.15 (VIOLATED)
INSDIODE1_7029/DIODE                    1.50    1.65   -0.15 (VIOLATED)
INSDIODE1_6609/DIODE                    1.50    1.65   -0.15 (VIOLATED)
INSDIODE1_7014/DIODE                    1.50    1.65   -0.15 (VIOLATED)
INSDIODE1_2423/DIODE                    1.50    1.65   -0.15 (VIOLATED)
INSDIODE1_2427/DIODE                    1.50    1.65   -0.15 (VIOLATED)
INSDIODE1_7020/DIODE                    1.50    1.65   -0.15 (VIOLATED)
INSDIODE1_7024/DIODE                    1.50    1.65   -0.15 (VIOLATED)
INSDIODE1_7023/DIODE                    1.50    1.65   -0.15 (VIOLATED)
INSDIODE1_6612/DIODE                    1.50    1.65   -0.15 (VIOLATED)
INSDIODE1_2426/DIODE                    1.50    1.65   -0.15 (VIOLATED)
INSDIODE1_7022/DIODE                    1.50    1.65   -0.15 (VIOLATED)
INSDIODE1_2425/DIODE                    1.50    1.65   -0.15 (VIOLATED)
INSDIODE1_6611/DIODE                    1.50    1.65   -0.15 (VIOLATED)
INSDIODE1_7031/DIODE                    1.50    1.65   -0.15 (VIOLATED)
input374/X                              1.51    1.66   -0.15 (VIOLATED)
_46871_/A                               1.50    1.65   -0.15 (VIOLATED)
_46892_/A1                              1.50    1.65   -0.15 (VIOLATED)
_46818_/B1                              1.50    1.65   -0.15 (VIOLATED)
_46794_/C                               1.50    1.65   -0.15 (VIOLATED)
input382/X                              1.51    1.65   -0.14 (VIOLATED)
_46793_/Y                               1.50    1.65   -0.14 (VIOLATED)
INSDIODE1_6145/DIODE                    1.50    1.64   -0.14 (VIOLATED)
INSDIODE1_6853/DIODE                    1.50    1.64   -0.14 (VIOLATED)
INSDIODE1_2499/DIODE                    1.50    1.64   -0.14 (VIOLATED)
INSDIODE1_6842/DIODE                    1.50    1.64   -0.14 (VIOLATED)
INSDIODE1_2497/DIODE                    1.50    1.64   -0.14 (VIOLATED)
INSDIODE1_6840/DIODE                    1.50    1.64   -0.14 (VIOLATED)
INSDIODE1_2494/DIODE                    1.50    1.64   -0.14 (VIOLATED)
INSDIODE1_6837/DIODE                    1.50    1.64   -0.14 (VIOLATED)
INSDIODE1_6841/DIODE                    1.50    1.64   -0.14 (VIOLATED)
INSDIODE1_2498/DIODE                    1.50    1.64   -0.14 (VIOLATED)
INSDIODE1_6834/DIODE                    1.50    1.64   -0.14 (VIOLATED)
INSDIODE1_6838/DIODE                    1.50    1.64   -0.14 (VIOLATED)
INSDIODE1_2495/DIODE                    1.50    1.64   -0.14 (VIOLATED)
INSDIODE1_2496/DIODE                    1.50    1.64   -0.14 (VIOLATED)
INSDIODE1_6839/DIODE                    1.50    1.64   -0.14 (VIOLATED)
_35630_/A0                              1.50    1.64   -0.14 (VIOLATED)
INSDIODE1_2500/DIODE                    1.50    1.64   -0.14 (VIOLATED)
INSDIODE1_6843/DIODE                    1.50    1.64   -0.14 (VIOLATED)
INSDIODE1_6836/DIODE                    1.50    1.64   -0.14 (VIOLATED)
INSDIODE1_2493/DIODE                    1.50    1.64   -0.14 (VIOLATED)
INSDIODE1_2501/DIODE                    1.50    1.64   -0.14 (VIOLATED)
INSDIODE1_6844/DIODE                    1.50    1.64   -0.14 (VIOLATED)
INSDIODE1_6835/DIODE                    1.50    1.64   -0.14 (VIOLATED)
INSDIODE1_2505/DIODE                    1.50    1.64   -0.14 (VIOLATED)
INSDIODE1_6846/DIODE                    1.50    1.64   -0.14 (VIOLATED)
INSDIODE1_6849/DIODE                    1.50    1.64   -0.14 (VIOLATED)
INSDIODE1_2510/DIODE                    1.50    1.64   -0.14 (VIOLATED)
INSDIODE1_2507/DIODE                    1.50    1.64   -0.14 (VIOLATED)
INSDIODE1_6852/DIODE                    1.50    1.64   -0.14 (VIOLATED)
INSDIODE1_2506/DIODE                    1.50    1.64   -0.14 (VIOLATED)
INSDIODE1_2509/DIODE                    1.50    1.64   -0.14 (VIOLATED)
INSDIODE1_6848/DIODE                    1.50    1.64   -0.14 (VIOLATED)
INSDIODE1_6851/DIODE                    1.50    1.64   -0.14 (VIOLATED)
INSDIODE1_6847/DIODE                    1.50    1.64   -0.14 (VIOLATED)
INSDIODE1_2502/DIODE                    1.50    1.64   -0.14 (VIOLATED)
INSDIODE1_2508/DIODE                    1.50    1.64   -0.14 (VIOLATED)
INSDIODE1_6850/DIODE                    1.50    1.64   -0.14 (VIOLATED)
INSDIODE1_6845/DIODE                    1.50    1.64   -0.14 (VIOLATED)
INSDIODE1_2504/DIODE                    1.50    1.64   -0.14 (VIOLATED)
INSDIODE1_2503/DIODE                    1.50    1.64   -0.14 (VIOLATED)
input394/X                              1.51    1.64   -0.13 (VIOLATED)
_43943_/Y                               1.50    1.61   -0.12 (VIOLATED)
rebuffer26/A                            1.50    1.61   -0.11 (VIOLATED)
INSDIODE1_2206/DIODE                    1.50    1.61   -0.11 (VIOLATED)
_43964_/D                               1.50    1.61   -0.11 (VIOLATED)
_43982_/B2                              1.50    1.61   -0.11 (VIOLATED)
INSDIODE1_2207/DIODE                    1.50    1.61   -0.11 (VIOLATED)
INSDIODE1_5723/DIODE                    1.50    1.61   -0.11 (VIOLATED)
INSDIODE1_5720/DIODE                    1.50    1.61   -0.11 (VIOLATED)
INSDIODE1_5722/DIODE                    1.50    1.61   -0.11 (VIOLATED)
INSDIODE1_2318/DIODE                    1.50    1.61   -0.11 (VIOLATED)
INSDIODE1_2319/DIODE                    1.50    1.61   -0.11 (VIOLATED)
INSDIODE1_2322/DIODE                    1.50    1.61   -0.11 (VIOLATED)
INSDIODE1_2321/DIODE                    1.50    1.61   -0.11 (VIOLATED)
INSDIODE1_5725/DIODE                    1.50    1.61   -0.11 (VIOLATED)
INSDIODE1_5726/DIODE                    1.50    1.61   -0.11 (VIOLATED)
_35560_/A0                              1.50    1.61   -0.11 (VIOLATED)
INSDIODE1_2320/DIODE                    1.50    1.61   -0.11 (VIOLATED)
INSDIODE1_5724/DIODE                    1.50    1.61   -0.11 (VIOLATED)
INSDIODE1_6619/DIODE                    1.50    1.61   -0.11 (VIOLATED)
INSDIODE1_4364/DIODE                    1.50    1.61   -0.11 (VIOLATED)
INSDIODE1_6620/DIODE                    1.50    1.61   -0.11 (VIOLATED)
INSDIODE1_4365/DIODE                    1.50    1.61   -0.11 (VIOLATED)
INSDIODE1_4361/DIODE                    1.50    1.61   -0.11 (VIOLATED)
INSDIODE1_6616/DIODE                    1.50    1.61   -0.11 (VIOLATED)
INSDIODE1_6615/DIODE                    1.50    1.61   -0.11 (VIOLATED)
INSDIODE1_4362/DIODE                    1.50    1.61   -0.11 (VIOLATED)
INSDIODE1_6617/DIODE                    1.50    1.61   -0.11 (VIOLATED)
INSDIODE1_2458/DIODE                    1.50    1.61   -0.11 (VIOLATED)
INSDIODE1_4363/DIODE                    1.50    1.61   -0.11 (VIOLATED)
INSDIODE1_6626/DIODE                    1.50    1.61   -0.11 (VIOLATED)
INSDIODE1_6618/DIODE                    1.50    1.61   -0.11 (VIOLATED)
INSDIODE1_4371/DIODE                    1.50    1.61   -0.11 (VIOLATED)
INSDIODE1_6613/DIODE                    1.50    1.61   -0.11 (VIOLATED)
_35618_/A0                              1.50    1.61   -0.11 (VIOLATED)
INSDIODE1_6630/DIODE                    1.50    1.61   -0.11 (VIOLATED)
INSDIODE1_4375/DIODE                    1.50    1.61   -0.11 (VIOLATED)
INSDIODE1_6629/DIODE                    1.50    1.61   -0.11 (VIOLATED)
INSDIODE1_4374/DIODE                    1.50    1.61   -0.11 (VIOLATED)
INSDIODE1_6628/DIODE                    1.50    1.61   -0.11 (VIOLATED)
INSDIODE1_4373/DIODE                    1.50    1.61   -0.11 (VIOLATED)
INSDIODE1_6627/DIODE                    1.50    1.61   -0.11 (VIOLATED)
INSDIODE1_4372/DIODE                    1.50    1.61   -0.11 (VIOLATED)
INSDIODE1_6614/DIODE                    1.50    1.61   -0.11 (VIOLATED)
INSDIODE1_6625/DIODE                    1.50    1.61   -0.11 (VIOLATED)
INSDIODE1_6621/DIODE                    1.50    1.61   -0.11 (VIOLATED)
INSDIODE1_4366/DIODE                    1.50    1.61   -0.11 (VIOLATED)
INSDIODE1_4370/DIODE                    1.50    1.61   -0.11 (VIOLATED)
INSDIODE1_6622/DIODE                    1.50    1.61   -0.11 (VIOLATED)
INSDIODE1_4369/DIODE                    1.50    1.61   -0.11 (VIOLATED)
INSDIODE1_4367/DIODE                    1.50    1.61   -0.11 (VIOLATED)
INSDIODE1_6624/DIODE                    1.50    1.61   -0.11 (VIOLATED)
INSDIODE1_4368/DIODE                    1.50    1.61   -0.11 (VIOLATED)
INSDIODE1_6623/DIODE                    1.50    1.61   -0.11 (VIOLATED)
INSDIODE1_2323/DIODE                    1.50    1.61   -0.11 (VIOLATED)
INSDIODE1_2324/DIODE                    1.50    1.61   -0.11 (VIOLATED)
INSDIODE1_5728/DIODE                    1.50    1.61   -0.11 (VIOLATED)
INSDIODE1_5727/DIODE                    1.50    1.61   -0.11 (VIOLATED)
INSDIODE1_5721/DIODE                    1.50    1.61   -0.11 (VIOLATED)
INSDIODE1_5731/DIODE                    1.50    1.61   -0.11 (VIOLATED)
INSDIODE1_5729/DIODE                    1.50    1.61   -0.11 (VIOLATED)
INSDIODE1_2327/DIODE                    1.50    1.61   -0.11 (VIOLATED)
INSDIODE1_5730/DIODE                    1.50    1.61   -0.11 (VIOLATED)
INSDIODE1_2325/DIODE                    1.50    1.61   -0.11 (VIOLATED)
INSDIODE1_2326/DIODE                    1.50    1.61   -0.11 (VIOLATED)
input389/X                              1.51    1.61   -0.10 (VIOLATED)
input370/X                              1.51    1.61   -0.10 (VIOLATED)
_40595_/Y                               1.50    1.59   -0.09 (VIOLATED)
_40618_/C                               1.50    1.59   -0.09 (VIOLATED)
_40636_/B2                              1.50    1.59   -0.09 (VIOLATED)
rebuffer24/A                            1.50    1.59   -0.09 (VIOLATED)
INSDIODE1_6082/DIODE                    1.50    1.58   -0.08 (VIOLATED)
INSDIODE1_6083/DIODE                    1.50    1.58   -0.08 (VIOLATED)
INSDIODE1_6095/DIODE                    1.50    1.58   -0.08 (VIOLATED)
INSDIODE1_6094/DIODE                    1.50    1.58   -0.08 (VIOLATED)
INSDIODE1_2351/DIODE                    1.50    1.58   -0.08 (VIOLATED)
INSDIODE1_2350/DIODE                    1.50    1.58   -0.08 (VIOLATED)
INSDIODE1_6086/DIODE                    1.50    1.58   -0.08 (VIOLATED)
INSDIODE1_6091/DIODE                    1.50    1.58   -0.08 (VIOLATED)
INSDIODE1_2348/DIODE                    1.50    1.58   -0.08 (VIOLATED)
INSDIODE1_6093/DIODE                    1.50    1.58   -0.08 (VIOLATED)
INSDIODE1_6087/DIODE                    1.50    1.58   -0.08 (VIOLATED)
INSDIODE1_6090/DIODE                    1.50    1.58   -0.08 (VIOLATED)
INSDIODE1_2352/DIODE                    1.50    1.58   -0.08 (VIOLATED)
INSDIODE1_6092/DIODE                    1.50    1.58   -0.08 (VIOLATED)
INSDIODE1_6089/DIODE                    1.50    1.58   -0.08 (VIOLATED)
INSDIODE1_2349/DIODE                    1.50    1.58   -0.08 (VIOLATED)
INSDIODE1_6088/DIODE                    1.50    1.58   -0.08 (VIOLATED)
_35583_/A0                              1.50    1.58   -0.08 (VIOLATED)
INSDIODE1_6096/DIODE                    1.50    1.58   -0.08 (VIOLATED)
INSDIODE1_6085/DIODE                    1.50    1.58   -0.08 (VIOLATED)
INSDIODE1_6098/DIODE                    1.50    1.58   -0.08 (VIOLATED)
INSDIODE1_6084/DIODE                    1.50    1.58   -0.08 (VIOLATED)
INSDIODE1_2355/DIODE                    1.50    1.58   -0.08 (VIOLATED)
INSDIODE1_6097/DIODE                    1.50    1.58   -0.08 (VIOLATED)
INSDIODE1_2353/DIODE                    1.50    1.58   -0.08 (VIOLATED)
INSDIODE1_6102/DIODE                    1.50    1.58   -0.08 (VIOLATED)
INSDIODE1_6101/DIODE                    1.50    1.58   -0.08 (VIOLATED)
INSDIODE1_6100/DIODE                    1.50    1.58   -0.08 (VIOLATED)
INSDIODE1_6103/DIODE                    1.50    1.58   -0.08 (VIOLATED)
INSDIODE1_2356/DIODE                    1.50    1.58   -0.08 (VIOLATED)
INSDIODE1_6105/DIODE                    1.50    1.58   -0.08 (VIOLATED)
INSDIODE1_6104/DIODE                    1.50    1.58   -0.08 (VIOLATED)
INSDIODE1_2357/DIODE                    1.50    1.58   -0.08 (VIOLATED)
INSDIODE1_6099/DIODE                    1.50    1.58   -0.08 (VIOLATED)
INSDIODE1_2354/DIODE                    1.50    1.58   -0.08 (VIOLATED)
input377/X                              1.51    1.58   -0.07 (VIOLATED)
INSDIODE1_4184/DIODE                    1.50    1.55   -0.05 (VIOLATED)
INSDIODE1_4180/DIODE                    1.50    1.55   -0.05 (VIOLATED)
INSDIODE1_4179/DIODE                    1.50    1.55   -0.05 (VIOLATED)
INSDIODE1_4178/DIODE                    1.50    1.55   -0.05 (VIOLATED)
INSDIODE1_4168/DIODE                    1.50    1.55   -0.05 (VIOLATED)
INSDIODE1_2129/DIODE                    1.50    1.55   -0.05 (VIOLATED)
INSDIODE1_2127/DIODE                    1.50    1.55   -0.05 (VIOLATED)
_42423_/A                               1.50    1.55   -0.05 (VIOLATED)
INSDIODE1_4192/DIODE                    1.50    1.55   -0.05 (VIOLATED)
INSDIODE1_4191/DIODE                    1.50    1.55   -0.05 (VIOLATED)
INSDIODE1_4190/DIODE                    1.50    1.55   -0.05 (VIOLATED)
_42431_/A                               1.50    1.55   -0.05 (VIOLATED)
INSDIODE1_4188/DIODE                    1.50    1.55   -0.05 (VIOLATED)
INSDIODE1_2128/DIODE                    1.50    1.55   -0.05 (VIOLATED)
INSDIODE1_2132/DIODE                    1.50    1.55   -0.05 (VIOLATED)
INSDIODE1_2130/DIODE                    1.50    1.55   -0.05 (VIOLATED)
INSDIODE1_2131/DIODE                    1.50    1.55   -0.05 (VIOLATED)
INSDIODE1_4166/DIODE                    1.50    1.55   -0.05 (VIOLATED)
INSDIODE1_4187/DIODE                    1.50    1.55   -0.05 (VIOLATED)
INSDIODE1_4167/DIODE                    1.50    1.55   -0.05 (VIOLATED)
INSDIODE1_4189/DIODE                    1.50    1.55   -0.05 (VIOLATED)
INSDIODE1_4181/DIODE                    1.50    1.55   -0.05 (VIOLATED)
INSDIODE1_4182/DIODE                    1.50    1.55   -0.05 (VIOLATED)
INSDIODE1_4185/DIODE                    1.50    1.55   -0.05 (VIOLATED)
INSDIODE1_4183/DIODE                    1.50    1.55   -0.05 (VIOLATED)
INSDIODE1_4186/DIODE                    1.50    1.55   -0.05 (VIOLATED)
INSDIODE1_4175/DIODE                    1.50    1.55   -0.05 (VIOLATED)
INSDIODE1_4171/DIODE                    1.50    1.55   -0.05 (VIOLATED)
INSDIODE1_4170/DIODE                    1.50    1.55   -0.05 (VIOLATED)
INSDIODE1_4169/DIODE                    1.50    1.55   -0.05 (VIOLATED)
INSDIODE1_4164/DIODE                    1.50    1.55   -0.05 (VIOLATED)
INSDIODE1_2126/DIODE                    1.50    1.55   -0.05 (VIOLATED)
INSDIODE1_2124/DIODE                    1.50    1.55   -0.05 (VIOLATED)
INSDIODE1_2125/DIODE                    1.50    1.55   -0.05 (VIOLATED)
INSDIODE1_4163/DIODE                    1.50    1.55   -0.05 (VIOLATED)
INSDIODE1_4165/DIODE                    1.50    1.55   -0.05 (VIOLATED)
INSDIODE1_4172/DIODE                    1.50    1.55   -0.05 (VIOLATED)
INSDIODE1_4173/DIODE                    1.50    1.55   -0.05 (VIOLATED)
INSDIODE1_4174/DIODE                    1.50    1.55   -0.05 (VIOLATED)
INSDIODE1_4176/DIODE                    1.50    1.55   -0.05 (VIOLATED)
INSDIODE1_4177/DIODE                    1.50    1.55   -0.05 (VIOLATED)
_42420_/Y                               1.50    1.55   -0.05 (VIOLATED)

max capacitance

Pin                                    Limit     Cap   Slack
------------------------------------------------------------
input369/X                              0.20    0.27   -0.07 (VIOLATED)
input361/X                              0.20    0.26   -0.06 (VIOLATED)
input385/X                              0.20    0.26   -0.06 (VIOLATED)
input365/X                              0.20    0.24   -0.05 (VIOLATED)
input362/X                              0.18    0.22   -0.04 (VIOLATED)
input359/X                              0.20    0.23   -0.03 (VIOLATED)
input364/X                              0.20    0.22   -0.02 (VIOLATED)
input374/X                              0.20    0.22   -0.02 (VIOLATED)
input382/X                              0.20    0.22   -0.02 (VIOLATED)
input394/X                              0.20    0.22   -0.02 (VIOLATED)
_45340_/Y                               0.09    0.10   -0.02 (VIOLATED)
input370/X                              0.20    0.21   -0.02 (VIOLATED)
input389/X                              0.20    0.21   -0.01 (VIOLATED)
input377/X                              0.20    0.21   -0.01 (VIOLATED)
_46793_/Y                               0.09    0.10   -0.01 (VIOLATED)
_43943_/Y                               0.07    0.07   -0.01 (VIOLATED)
_40595_/Y                               0.07    0.07   -0.01 (VIOLATED)
_42420_/Y                               0.15    0.16   -0.01 (VIOLATED)
_51585_/Y                               0.13    0.13   -0.00 (VIOLATED)


max slew violations count Slowest: 582
max fanout violations count Slowest: 0
max cap violations count Slowest: 19
======================= Typical Corner ===================================


max slew violations count Typical: 0
max fanout violations count Typical: 0
max cap violations count Typical: 0

===========================================================================
report_parasitic_annotation -report_unannotated
============================================================================
Found 126 unannotated drivers.
 clkload0/Y
 clkload1/Y
 clkload10/Y
 clkload100/Y
 clkload101/Y
 clkload102/Y
 clkload103/Y
 clkload104/Y
 clkload105/Y
 clkload106/Y
 clkload107/Y
 clkload108/Y
 clkload109/Y
 clkload11/X
 clkload110/Y
 clkload111/Y
 clkload112/Y
 clkload113/X
 clkload114/Y
 clkload115/Y
 clkload116/X
 clkload117/Y
 clkload118/Y
 clkload119/X
 clkload12/Y
 clkload120/X
 clkload121/X
 clkload122/Y
 clkload123/Y
 clkload124/Y
 clkload125/Y
 clkload13/X
 clkload14/Y
 clkload15/Y
 clkload16/Y
 clkload17/Y
 clkload18/Y
 clkload19/Y
 clkload2/Y
 clkload20/Y
 clkload21/Y
 clkload22/Y
 clkload23/Y
 clkload24/Y
 clkload25/Y
 clkload26/Y
 clkload27/Y
 clkload28/X
 clkload29/Y
 clkload3/Y
 clkload30/X
 clkload31/X
 clkload32/Y
 clkload33/X
 clkload34/Y
 clkload35/Y
 clkload36/Y
 clkload37/X
 clkload38/Y
 clkload39/Y
 clkload4/Y
 clkload40/Y
 clkload41/Y
 clkload42/Y
 clkload43/Y
 clkload44/Y
 clkload45/Y
 clkload46/Y
 clkload47/Y
 clkload48/Y
 clkload49/Y
 clkload5/Y
 clkload50/X
 clkload51/Y
 clkload52/Y
 clkload53/Y
 clkload54/Y
 clkload55/Y
 clkload56/Y
 clkload57/Y
 clkload58/Y
 clkload59/Y
 clkload6/Y
 clkload60/Y
 clkload61/Y
 clkload62/Y
 clkload63/Y
 clkload64/Y
 clkload65/Y
 clkload66/Y
 clkload67/Y
 clkload68/Y
 clkload69/Y
 clkload7/Y
 clkload70/Y
 clkload71/Y
 clkload72/Y
 clkload73/X
 clkload74/X
 clkload75/Y
 clkload76/Y
 clkload77/Y
 clkload78/Y
 clkload79/Y
 clkload8/Y
 clkload80/Y
 clkload81/X
 clkload82/Y
 clkload83/Y
 clkload84/Y
 clkload85/Y
 clkload86/Y
 clkload87/Y
 clkload88/Y
 clkload89/Y
 clkload9/Y
 clkload90/Y
 clkload91/X
 clkload92/Y
 clkload93/Y
 clkload94/Y
 clkload95/Y
 clkload96/Y
 clkload97/Y
 clkload98/Y
 clkload99/Y
Found 0 partially unannotated drivers.

===========================================================================
max slew violation count 582
max fanout violation count 0
max cap violation count 19
============================================================================

===========================================================================
check_setup -verbose -unconstrained_endpoints -multiple_clock -no_clock -no_input_delay -loops -generated_clocks
===========================================================================
Warning: There are 514 input ports missing set_input_delay.
  A_flat[0]
  A_flat[100]
  A_flat[101]
  A_flat[102]
  A_flat[103]
  A_flat[104]
  A_flat[105]
  A_flat[106]
  A_flat[107]
  A_flat[108]
  A_flat[109]
  A_flat[10]
  A_flat[110]
  A_flat[111]
  A_flat[112]
  A_flat[113]
  A_flat[114]
  A_flat[115]
  A_flat[116]
  A_flat[117]
  A_flat[118]
  A_flat[119]
  A_flat[11]
  A_flat[120]
  A_flat[121]
  A_flat[122]
  A_flat[123]
  A_flat[124]
  A_flat[125]
  A_flat[126]
  A_flat[127]
  A_flat[128]
  A_flat[129]
  A_flat[12]
  A_flat[130]
  A_flat[131]
  A_flat[132]
  A_flat[133]
  A_flat[134]
  A_flat[135]
  A_flat[136]
  A_flat[137]
  A_flat[138]
  A_flat[139]
  A_flat[13]
  A_flat[140]
  A_flat[141]
  A_flat[142]
  A_flat[143]
  A_flat[144]
  A_flat[145]
  A_flat[146]
  A_flat[147]
  A_flat[148]
  A_flat[149]
  A_flat[14]
  A_flat[150]
  A_flat[151]
  A_flat[152]
  A_flat[153]
  A_flat[154]
  A_flat[155]
  A_flat[156]
  A_flat[157]
  A_flat[158]
  A_flat[159]
  A_flat[15]
  A_flat[160]
  A_flat[161]
  A_flat[162]
  A_flat[163]
  A_flat[164]
  A_flat[165]
  A_flat[166]
  A_flat[167]
  A_flat[168]
  A_flat[169]
  A_flat[16]
  A_flat[170]
  A_flat[171]
  A_flat[172]
  A_flat[173]
  A_flat[174]
  A_flat[175]
  A_flat[176]
  A_flat[177]
  A_flat[178]
  A_flat[179]
  A_flat[17]
  A_flat[180]
  A_flat[181]
  A_flat[182]
  A_flat[183]
  A_flat[184]
  A_flat[185]
  A_flat[186]
  A_flat[187]
  A_flat[188]
  A_flat[189]
  A_flat[18]
  A_flat[190]
  A_flat[191]
  A_flat[192]
  A_flat[193]
  A_flat[194]
  A_flat[195]
  A_flat[196]
  A_flat[197]
  A_flat[198]
  A_flat[199]
  A_flat[19]
  A_flat[1]
  A_flat[200]
  A_flat[201]
  A_flat[202]
  A_flat[203]
  A_flat[204]
  A_flat[205]
  A_flat[206]
  A_flat[207]
  A_flat[208]
  A_flat[209]
  A_flat[20]
  A_flat[210]
  A_flat[211]
  A_flat[212]
  A_flat[213]
  A_flat[214]
  A_flat[215]
  A_flat[216]
  A_flat[217]
  A_flat[218]
  A_flat[219]
  A_flat[21]
  A_flat[220]
  A_flat[221]
  A_flat[222]
  A_flat[223]
  A_flat[224]
  A_flat[225]
  A_flat[226]
  A_flat[227]
  A_flat[228]
  A_flat[229]
  A_flat[22]
  A_flat[230]
  A_flat[231]
  A_flat[232]
  A_flat[233]
  A_flat[234]
  A_flat[235]
  A_flat[236]
  A_flat[237]
  A_flat[238]
  A_flat[239]
  A_flat[23]
  A_flat[240]
  A_flat[241]
  A_flat[242]
  A_flat[243]
  A_flat[244]
  A_flat[245]
  A_flat[246]
  A_flat[247]
  A_flat[248]
  A_flat[249]
  A_flat[24]
  A_flat[250]
  A_flat[251]
  A_flat[252]
  A_flat[253]
  A_flat[254]
  A_flat[255]
  A_flat[25]
  A_flat[26]
  A_flat[27]
  A_flat[28]
  A_flat[29]
  A_flat[2]
  A_flat[30]
  A_flat[31]
  A_flat[32]
  A_flat[33]
  A_flat[34]
  A_flat[35]
  A_flat[36]
  A_flat[37]
  A_flat[38]
  A_flat[39]
  A_flat[3]
  A_flat[40]
  A_flat[41]
  A_flat[42]
  A_flat[43]
  A_flat[44]
  A_flat[45]
  A_flat[46]
  A_flat[47]
  A_flat[48]
  A_flat[49]
  A_flat[4]
  A_flat[50]
  A_flat[51]
  A_flat[52]
  A_flat[53]
  A_flat[54]
  A_flat[55]
  A_flat[56]
  A_flat[57]
  A_flat[58]
  A_flat[59]
  A_flat[5]
  A_flat[60]
  A_flat[61]
  A_flat[62]
  A_flat[63]
  A_flat[64]
  A_flat[65]
  A_flat[66]
  A_flat[67]
  A_flat[68]
  A_flat[69]
  A_flat[6]
  A_flat[70]
  A_flat[71]
  A_flat[72]
  A_flat[73]
  A_flat[74]
  A_flat[75]
  A_flat[76]
  A_flat[77]
  A_flat[78]
  A_flat[79]
  A_flat[7]
  A_flat[80]
  A_flat[81]
  A_flat[82]
  A_flat[83]
  A_flat[84]
  A_flat[85]
  A_flat[86]
  A_flat[87]
  A_flat[88]
  A_flat[89]
  A_flat[8]
  A_flat[90]
  A_flat[91]
  A_flat[92]
  A_flat[93]
  A_flat[94]
  A_flat[95]
  A_flat[96]
  A_flat[97]
  A_flat[98]
  A_flat[99]
  A_flat[9]
  B_flat[0]
  B_flat[100]
  B_flat[101]
  B_flat[102]
  B_flat[103]
  B_flat[104]
  B_flat[105]
  B_flat[106]
  B_flat[107]
  B_flat[108]
  B_flat[109]
  B_flat[10]
  B_flat[110]
  B_flat[111]
  B_flat[112]
  B_flat[113]
  B_flat[114]
  B_flat[115]
  B_flat[116]
  B_flat[117]
  B_flat[118]
  B_flat[119]
  B_flat[11]
  B_flat[120]
  B_flat[121]
  B_flat[122]
  B_flat[123]
  B_flat[124]
  B_flat[125]
  B_flat[126]
  B_flat[127]
  B_flat[128]
  B_flat[129]
  B_flat[12]
  B_flat[130]
  B_flat[131]
  B_flat[132]
  B_flat[133]
  B_flat[134]
  B_flat[135]
  B_flat[136]
  B_flat[137]
  B_flat[138]
  B_flat[139]
  B_flat[13]
  B_flat[140]
  B_flat[141]
  B_flat[142]
  B_flat[143]
  B_flat[144]
  B_flat[145]
  B_flat[146]
  B_flat[147]
  B_flat[148]
  B_flat[149]
  B_flat[14]
  B_flat[150]
  B_flat[151]
  B_flat[152]
  B_flat[153]
  B_flat[154]
  B_flat[155]
  B_flat[156]
  B_flat[157]
  B_flat[158]
  B_flat[159]
  B_flat[15]
  B_flat[160]
  B_flat[161]
  B_flat[162]
  B_flat[163]
  B_flat[164]
  B_flat[165]
  B_flat[166]
  B_flat[167]
  B_flat[168]
  B_flat[169]
  B_flat[16]
  B_flat[170]
  B_flat[171]
  B_flat[172]
  B_flat[173]
  B_flat[174]
  B_flat[175]
  B_flat[176]
  B_flat[177]
  B_flat[178]
  B_flat[179]
  B_flat[17]
  B_flat[180]
  B_flat[181]
  B_flat[182]
  B_flat[183]
  B_flat[184]
  B_flat[185]
  B_flat[186]
  B_flat[187]
  B_flat[188]
  B_flat[189]
  B_flat[18]
  B_flat[190]
  B_flat[191]
  B_flat[192]
  B_flat[193]
  B_flat[194]
  B_flat[195]
  B_flat[196]
  B_flat[197]
  B_flat[198]
  B_flat[199]
  B_flat[19]
  B_flat[1]
  B_flat[200]
  B_flat[201]
  B_flat[202]
  B_flat[203]
  B_flat[204]
  B_flat[205]
  B_flat[206]
  B_flat[207]
  B_flat[208]
  B_flat[209]
  B_flat[20]
  B_flat[210]
  B_flat[211]
  B_flat[212]
  B_flat[213]
  B_flat[214]
  B_flat[215]
  B_flat[216]
  B_flat[217]
  B_flat[218]
  B_flat[219]
  B_flat[21]
  B_flat[220]
  B_flat[221]
  B_flat[222]
  B_flat[223]
  B_flat[224]
  B_flat[225]
  B_flat[226]
  B_flat[227]
  B_flat[228]
  B_flat[229]
  B_flat[22]
  B_flat[230]
  B_flat[231]
  B_flat[232]
  B_flat[233]
  B_flat[234]
  B_flat[235]
  B_flat[236]
  B_flat[237]
  B_flat[238]
  B_flat[239]
  B_flat[23]
  B_flat[240]
  B_flat[241]
  B_flat[242]
  B_flat[243]
  B_flat[244]
  B_flat[245]
  B_flat[246]
  B_flat[247]
  B_flat[248]
  B_flat[249]
  B_flat[24]
  B_flat[250]
  B_flat[251]
  B_flat[252]
  B_flat[253]
  B_flat[254]
  B_flat[255]
  B_flat[25]
  B_flat[26]
  B_flat[27]
  B_flat[28]
  B_flat[29]
  B_flat[2]
  B_flat[30]
  B_flat[31]
  B_flat[32]
  B_flat[33]
  B_flat[34]
  B_flat[35]
  B_flat[36]
  B_flat[37]
  B_flat[38]
  B_flat[39]
  B_flat[3]
  B_flat[40]
  B_flat[41]
  B_flat[42]
  B_flat[43]
  B_flat[44]
  B_flat[45]
  B_flat[46]
  B_flat[47]
  B_flat[48]
  B_flat[49]
  B_flat[4]
  B_flat[50]
  B_flat[51]
  B_flat[52]
  B_flat[53]
  B_flat[54]
  B_flat[55]
  B_flat[56]
  B_flat[57]
  B_flat[58]
  B_flat[59]
  B_flat[5]
  B_flat[60]
  B_flat[61]
  B_flat[62]
  B_flat[63]
  B_flat[64]
  B_flat[65]
  B_flat[66]
  B_flat[67]
  B_flat[68]
  B_flat[69]
  B_flat[6]
  B_flat[70]
  B_flat[71]
  B_flat[72]
  B_flat[73]
  B_flat[74]
  B_flat[75]
  B_flat[76]
  B_flat[77]
  B_flat[78]
  B_flat[79]
  B_flat[7]
  B_flat[80]
  B_flat[81]
  B_flat[82]
  B_flat[83]
  B_flat[84]
  B_flat[85]
  B_flat[86]
  B_flat[87]
  B_flat[88]
  B_flat[89]
  B_flat[8]
  B_flat[90]
  B_flat[91]
  B_flat[92]
  B_flat[93]
  B_flat[94]
  B_flat[95]
  B_flat[96]
  B_flat[97]
  B_flat[98]
  B_flat[99]
  B_flat[9]
  rst
  start
Warning: There are 257 unconstrained endpoints.
  C_flat[0]
  C_flat[100]
  C_flat[101]
  C_flat[102]
  C_flat[103]
  C_flat[104]
  C_flat[105]
  C_flat[106]
  C_flat[107]
  C_flat[108]
  C_flat[109]
  C_flat[10]
  C_flat[110]
  C_flat[111]
  C_flat[112]
  C_flat[113]
  C_flat[114]
  C_flat[115]
  C_flat[116]
  C_flat[117]
  C_flat[118]
  C_flat[119]
  C_flat[11]
  C_flat[120]
  C_flat[121]
  C_flat[122]
  C_flat[123]
  C_flat[124]
  C_flat[125]
  C_flat[126]
  C_flat[127]
  C_flat[128]
  C_flat[129]
  C_flat[12]
  C_flat[130]
  C_flat[131]
  C_flat[132]
  C_flat[133]
  C_flat[134]
  C_flat[135]
  C_flat[136]
  C_flat[137]
  C_flat[138]
  C_flat[139]
  C_flat[13]
  C_flat[140]
  C_flat[141]
  C_flat[142]
  C_flat[143]
  C_flat[144]
  C_flat[145]
  C_flat[146]
  C_flat[147]
  C_flat[148]
  C_flat[149]
  C_flat[14]
  C_flat[150]
  C_flat[151]
  C_flat[152]
  C_flat[153]
  C_flat[154]
  C_flat[155]
  C_flat[156]
  C_flat[157]
  C_flat[158]
  C_flat[159]
  C_flat[15]
  C_flat[160]
  C_flat[161]
  C_flat[162]
  C_flat[163]
  C_flat[164]
  C_flat[165]
  C_flat[166]
  C_flat[167]
  C_flat[168]
  C_flat[169]
  C_flat[16]
  C_flat[170]
  C_flat[171]
  C_flat[172]
  C_flat[173]
  C_flat[174]
  C_flat[175]
  C_flat[176]
  C_flat[177]
  C_flat[178]
  C_flat[179]
  C_flat[17]
  C_flat[180]
  C_flat[181]
  C_flat[182]
  C_flat[183]
  C_flat[184]
  C_flat[185]
  C_flat[186]
  C_flat[187]
  C_flat[188]
  C_flat[189]
  C_flat[18]
  C_flat[190]
  C_flat[191]
  C_flat[192]
  C_flat[193]
  C_flat[194]
  C_flat[195]
  C_flat[196]
  C_flat[197]
  C_flat[198]
  C_flat[199]
  C_flat[19]
  C_flat[1]
  C_flat[200]
  C_flat[201]
  C_flat[202]
  C_flat[203]
  C_flat[204]
  C_flat[205]
  C_flat[206]
  C_flat[207]
  C_flat[208]
  C_flat[209]
  C_flat[20]
  C_flat[210]
  C_flat[211]
  C_flat[212]
  C_flat[213]
  C_flat[214]
  C_flat[215]
  C_flat[216]
  C_flat[217]
  C_flat[218]
  C_flat[219]
  C_flat[21]
  C_flat[220]
  C_flat[221]
  C_flat[222]
  C_flat[223]
  C_flat[224]
  C_flat[225]
  C_flat[226]
  C_flat[227]
  C_flat[228]
  C_flat[229]
  C_flat[22]
  C_flat[230]
  C_flat[231]
  C_flat[232]
  C_flat[233]
  C_flat[234]
  C_flat[235]
  C_flat[236]
  C_flat[237]
  C_flat[238]
  C_flat[239]
  C_flat[23]
  C_flat[240]
  C_flat[241]
  C_flat[242]
  C_flat[243]
  C_flat[244]
  C_flat[245]
  C_flat[246]
  C_flat[247]
  C_flat[248]
  C_flat[249]
  C_flat[24]
  C_flat[250]
  C_flat[251]
  C_flat[252]
  C_flat[253]
  C_flat[254]
  C_flat[255]
  C_flat[25]
  C_flat[26]
  C_flat[27]
  C_flat[28]
  C_flat[29]
  C_flat[2]
  C_flat[30]
  C_flat[31]
  C_flat[32]
  C_flat[33]
  C_flat[34]
  C_flat[35]
  C_flat[36]
  C_flat[37]
  C_flat[38]
  C_flat[39]
  C_flat[3]
  C_flat[40]
  C_flat[41]
  C_flat[42]
  C_flat[43]
  C_flat[44]
  C_flat[45]
  C_flat[46]
  C_flat[47]
  C_flat[48]
  C_flat[49]
  C_flat[4]
  C_flat[50]
  C_flat[51]
  C_flat[52]
  C_flat[53]
  C_flat[54]
  C_flat[55]
  C_flat[56]
  C_flat[57]
  C_flat[58]
  C_flat[59]
  C_flat[5]
  C_flat[60]
  C_flat[61]
  C_flat[62]
  C_flat[63]
  C_flat[64]
  C_flat[65]
  C_flat[66]
  C_flat[67]
  C_flat[68]
  C_flat[69]
  C_flat[6]
  C_flat[70]
  C_flat[71]
  C_flat[72]
  C_flat[73]
  C_flat[74]
  C_flat[75]
  C_flat[76]
  C_flat[77]
  C_flat[78]
  C_flat[79]
  C_flat[7]
  C_flat[80]
  C_flat[81]
  C_flat[82]
  C_flat[83]
  C_flat[84]
  C_flat[85]
  C_flat[86]
  C_flat[87]
  C_flat[88]
  C_flat[89]
  C_flat[8]
  C_flat[90]
  C_flat[91]
  C_flat[92]
  C_flat[93]
  C_flat[94]
  C_flat[95]
  C_flat[96]
  C_flat[97]
  C_flat[98]
  C_flat[99]
  C_flat[9]
  done
